[    0.000000] Initializing cgroup subsys cpuset
[    0.000000] Initializing cgroup subsys cpu
[    0.000000] Initializing cgroup subsys cpuacct
[    0.000000] Linux version 4.4.0-210-generic (buildd@lgw01-amd64-009) (gcc version 5.4.0 20160609 (Ubuntu 5.4.0-6ubuntu1~16.04.12) ) #242-Ubuntu SMP Fri Apr 16 09:57:56 UTC 2021 (Ubuntu 4.4.0-210.242-generic 4.4.262)
[    0.000000] Command line: BOOT_IMAGE=/boot/vmlinuz-4.4.0-210-generic root=LABEL=cloudimg-rootfs ro console=tty1 console=ttyS0
[    0.000000] KERNEL supported cpus:
[    0.000000]   Intel GenuineIntel
[    0.000000]   AMD AuthenticAMD
[    0.000000]   Centaur CentaurHauls
[    0.000000] x86/fpu: xstate_offset[2]:  576, xstate_sizes[2]:  256
[    0.000000] x86/fpu: Supporting XSAVE feature 0x01: 'x87 floating point registers'
[    0.000000] x86/fpu: Supporting XSAVE feature 0x02: 'SSE registers'
[    0.000000] x86/fpu: Supporting XSAVE feature 0x04: 'AVX registers'
[    0.000000] x86/fpu: Enabled xstate features 0x7, context size is 832 bytes, using 'standard' format.
[    0.000000] e820: BIOS-provided physical RAM map:
[    0.000000] BIOS-e820: [mem 0x0000000000000000-0x000000000009fbff] usable
[    0.000000] BIOS-e820: [mem 0x000000000009fc00-0x000000000009ffff] reserved
[    0.000000] BIOS-e820: [mem 0x00000000000f0000-0x00000000000fffff] reserved
[    0.000000] BIOS-e820: [mem 0x0000000000100000-0x000000003ffeffff] usable
[    0.000000] BIOS-e820: [mem 0x000000003fff0000-0x000000003fffffff] ACPI data
[    0.000000] BIOS-e820: [mem 0x00000000fec00000-0x00000000fec00fff] reserved
[    0.000000] BIOS-e820: [mem 0x00000000fee00000-0x00000000fee00fff] reserved
[    0.000000] BIOS-e820: [mem 0x00000000fffc0000-0x00000000ffffffff] reserved
[    0.000000] NX (Execute Disable) protection: active
[    0.000000] SMBIOS 2.5 present.
[    0.000000] Hypervisor detected: KVM
[    0.000000] Kernel/User page tables isolation: disabled
[    0.000000] e820: last_pfn = 0x3fff0 max_arch_pfn = 0x400000000
[    0.000000] MTRR: Disabled
[    0.000000] x86/PAT: MTRRs disabled, skipping PAT initialization too.
[    0.000000] CPU MTRRs all blank - virtualized system.
[    0.000000] x86/PAT: Configuration [0-7]: WB  WT  UC- UC  WB  WT  UC- UC  
[    0.000000] found SMP MP-table at [mem 0x0009fff0-0x0009ffff] mapped at [ffff88000009fff0]
[    0.000000] Scanning 1 areas for low memory corruption
[    0.000000] RAMDISK: [mem 0x362dc000-0x37165fff]
[    0.000000] ACPI: Early table checksum verification disabled
[    0.000000] ACPI: RSDP 0x00000000000E0000 000024 (v02 VBOX  )
[    0.000000] ACPI: XSDT 0x000000003FFF0030 00003C (v01 VBOX   VBOXXSDT 00000001 ASL  00000061)
[    0.000000] ACPI: FACP 0x000000003FFF00F0 0000F4 (v04 VBOX   VBOXFACP 00000001 ASL  00000061)
[    0.000000] ACPI: DSDT 0x000000003FFF0470 002325 (v02 VBOX   VBOXBIOS 00000002 INTL 20100528)
[    0.000000] ACPI: FACS 0x000000003FFF0200 000040
[    0.000000] ACPI: FACS 0x000000003FFF0200 000040
[    0.000000] ACPI: APIC 0x000000003FFF0240 00005C (v02 VBOX   VBOXAPIC 00000001 ASL  00000061)
[    0.000000] ACPI: SSDT 0x000000003FFF02A0 0001CC (v01 VBOX   VBOXCPUT 00000002 INTL 20100528)
[    0.000000] No NUMA configuration found
[    0.000000] Faking a node at [mem 0x0000000000000000-0x000000003ffeffff]
[    0.000000] NODE_DATA(0) allocated [mem 0x3ffeb000-0x3ffeffff]
[    0.000000] kvm-clock: Using msrs 4b564d01 and 4b564d00
[    0.000000] kvm-clock: cpu 0, msr 0:3ffe3001, primary cpu clock
[    0.000000] kvm-clock: using sched offset of 4430228658 cycles
[    0.000000] clocksource: kvm-clock: mask: 0xffffffffffffffff max_cycles: 0x1cd42e4dffb, max_idle_ns: 881590591483 ns
[    0.000000] Zone ranges:
[    0.000000]   DMA      [mem 0x0000000000001000-0x0000000000ffffff]
[    0.000000]   DMA32    [mem 0x0000000001000000-0x000000003ffeffff]
[    0.000000]   Normal   empty
[    0.000000]   Device   empty
[    0.000000] Movable zone start for each node
[    0.000000] Early memory node ranges
[    0.000000]   node   0: [mem 0x0000000000001000-0x000000000009efff]
[    0.000000]   node   0: [mem 0x0000000000100000-0x000000003ffeffff]
[    0.000000] Initmem setup node 0 [mem 0x0000000000001000-0x000000003ffeffff]
[    0.000000] ACPI: PM-Timer IO Port: 0x4008
[    0.000000] IOAPIC[0]: apic_id 2, version 32, address 0xfec00000, GSI 0-23
[    0.000000] ACPI: INT_SRC_OVR (bus 0 bus_irq 0 global_irq 2 dfl dfl)
[    0.000000] ACPI: INT_SRC_OVR (bus 0 bus_irq 9 global_irq 9 low level)
[    0.000000] Using ACPI (MADT) for SMP configuration information
[    0.000000] smpboot: Allowing 2 CPUs, 0 hotplug CPUs
[    0.000000] PM: Registered nosave memory: [mem 0x00000000-0x00000fff]
[    0.000000] PM: Registered nosave memory: [mem 0x0009f000-0x0009ffff]
[    0.000000] PM: Registered nosave memory: [mem 0x000a0000-0x000effff]
[    0.000000] PM: Registered nosave memory: [mem 0x000f0000-0x000fffff]
[    0.000000] e820: [mem 0x40000000-0xfebfffff] available for PCI devices
[    0.000000] Booting paravirtualized kernel on KVM
[    0.000000] clocksource: refined-jiffies: mask: 0xffffffff max_cycles: 0xffffffff, max_idle_ns: 7645519600211568 ns
[    0.000000] setup_percpu: NR_CPUS:512 nr_cpumask_bits:512 nr_cpu_ids:2 nr_node_ids:1
[    0.000000] PERCPU: Embedded 33 pages/cpu @ffff88003fc00000 s95192 r8192 d31784 u1048576
[    0.000000] Built 1 zonelists in Node order, mobility grouping on.  Total pages: 257912
[    0.000000] Policy zone: DMA32
[    0.000000] Kernel command line: BOOT_IMAGE=/boot/vmlinuz-4.4.0-210-generic root=LABEL=cloudimg-rootfs ro console=tty1 console=ttyS0
[    0.000000] PID hash table entries: 4096 (order: 3, 32768 bytes)
[    0.000000] Memory: 997792K/1048120K available (8644K kernel code, 1332K rwdata, 4044K rodata, 1492K init, 1164K bss, 50328K reserved, 0K cma-reserved)
[    0.000000] SLUB: HWalign=64, Order=0-3, MinObjects=0, CPUs=2, Nodes=1
[    0.000000] Hierarchical RCU implementation.
[    0.000000] 	Build-time adjustment of leaf fanout to 64.
[    0.000000] 	RCU restricting CPUs from NR_CPUS=512 to nr_cpu_ids=2.
[    0.000000] RCU: Adjusting geometry for rcu_fanout_leaf=64, nr_cpu_ids=2
[    0.000000] NR_IRQS:33024 nr_irqs:440 16
[    0.000000] Console: colour VGA+ 80x25
[    0.000000] console [tty1] enabled
[    0.000000] console [ttyS0] enabled
[    0.000000] tsc: Detected 1992.000 MHz processor
[    0.320764] Calibrating delay loop (skipped) preset value.. 3984.00 BogoMIPS (lpj=7968000)
[    0.323800] pid_max: default: 32768 minimum: 301
[    0.325413] ACPI: Core revision 20150930
[    0.327817] ACPI: 2 ACPI AML tables successfully acquired and loaded
[    0.329778] Security Framework initialized
[    0.331032] Yama: becoming mindful.
[    0.332249] AppArmor: AppArmor initialized
[    0.333579] Dentry cache hash table entries: 131072 (order: 8, 1048576 bytes)
[    0.335732] Inode-cache hash table entries: 65536 (order: 7, 524288 bytes)
[    0.349427] Mount-cache hash table entries: 2048 (order: 2, 16384 bytes)
[    0.353198] Mountpoint-cache hash table entries: 2048 (order: 2, 16384 bytes)
[    0.358101] Initializing cgroup subsys io
[    0.360522] Initializing cgroup subsys memory
[    0.361839] Initializing cgroup subsys devices
[    0.363242] Initializing cgroup subsys freezer
[    0.364595] Initializing cgroup subsys net_cls
[    0.365908] Initializing cgroup subsys perf_event
[    0.367447] Initializing cgroup subsys net_prio
[    0.368853] Initializing cgroup subsys hugetlb
[    0.370346] Initializing cgroup subsys pids
[    0.395244] mce: CPU supports 0 MCE banks
[    0.397742] Last level iTLB entries: 4KB 64, 2MB 8, 4MB 8
[    0.400969] Last level dTLB entries: 4KB 64, 2MB 0, 4MB 0, 1GB 4
[    0.404178] Spectre V1 : Mitigation: usercopy/swapgs barriers and __user pointer sanitization
[    0.408912] Spectre V2 : Mitigation: Full generic retpoline
[    0.410870] Spectre V2 : Spectre v2 / SpectreRSB mitigation: Filling RSB on context switch
[    0.413714] Speculative Store Bypass: Vulnerable
[    0.415200] SRBDS: Mitigation: TSX disabled
[    0.422816] Freeing SMP alternatives memory: 36K
[    0.438593] ftrace: allocating 32380 entries in 127 pages
[    0.579957] smpboot: APIC(0) Converting physical 0 to logical package 0
[    0.583868] smpboot: Max logical packages: 1
[    0.586936] x2apic enabled
[    0.589741] Switched APIC routing to physical x2apic.
[    0.596154] ..TIMER: vector=0x30 apic1=0 pin1=2 apic2=-1 pin2=-1
[    0.707081] smpboot: CPU0: Intel(R) Core(TM) i7-8565U CPU @ 1.80GHz (family: 0x6, model: 0x8e, stepping: 0xc)
[    0.713192] Performance Events: unsupported p6 CPU model 142 no PMU driver, software events only.
[    0.736336] KVM setup paravirtual spinlock
[    0.740574] x86: Booting SMP configuration:
[    0.743205] .... node  #0, CPUs:      #1
[    0.745891] kvm-clock: cpu 1, msr 0:3ffe3041, secondary cpu clock
[    0.773991] mce: CPU supports 0 MCE banks
[    0.778608] x86: Booted up 1 node, 2 CPUs
[    0.781814] smpboot: Total of 2 processors activated (7968.00 BogoMIPS)
[    0.786478] devtmpfs: initialized
[    0.792248] evm: security.selinux
[    0.793556] evm: security.SMACK64
[    0.794900] evm: security.SMACK64EXEC
[    0.796629] evm: security.SMACK64TRANSMUTE
[    0.798453] evm: security.SMACK64MMAP
[    0.800017] evm: security.ima
[    0.801380] evm: security.capability
[    0.802658] clocksource: jiffies: mask: 0xffffffff max_cycles: 0xffffffff, max_idle_ns: 7645041785100000 ns
[    0.805287] futex hash table entries: 512 (order: 3, 32768 bytes)
[    0.806930] pinctrl core: initialized pinctrl subsystem
[    0.808433] RTC time:  6:39:23, date: 09/22/21
[    0.823918] NET: Registered protocol family 16
[    0.836905] cpuidle: using governor ladder
[    0.849015] cpuidle: using governor menu
[    0.851633] PCCT header not found.
[    0.854270] ACPI: bus type PCI registered
[    0.856797] acpiphp: ACPI Hot Plug PCI Controller Driver version: 0.5
[    0.860586] PCI: Using configuration type 1 for base access
[    0.878220] ACPI: Added _OSI(Module Device)
[    0.881515] ACPI: Added _OSI(Processor Device)
[    0.884853] ACPI: Added _OSI(3.0 _SCP Extensions)
[    0.888552] ACPI: Added _OSI(Processor Aggregator Device)
[    0.894284] ACPI: Executed 1 blocks of module-level executable AML code
[    0.904815] ACPI: Interpreter enabled
[    0.907555] ACPI: (supports S0 S5)
[    0.910289] ACPI: Using IOAPIC for interrupt routing
[    0.914447] PCI: Using host bridge windows from ACPI; if necessary, use "pci=nocrs" and report a bug
[    0.931023] ACPI: PCI Root Bridge [PCI0] (domain 0000 [bus 00-ff])
[    0.936115] acpi PNP0A03:00: _OSC: OS supports [ASPM ClockPM Segments MSI]
[    0.942679] acpi PNP0A03:00: _OSC: not requesting OS control; OS requires [ExtendedConfig ASPM ClockPM MSI]
[    0.950618] acpi PNP0A03:00: fail to add MMCONFIG information, can't access extended PCI configuration space under this bridge.
[    0.960576] PCI host bridge to bus 0000:00
[    0.964178] pci_bus 0000:00: root bus resource [io  0x0000-0x0cf7 window]
[    0.969592] pci_bus 0000:00: root bus resource [io  0x0d00-0xffff window]
[    0.974930] pci_bus 0000:00: root bus resource [mem 0x000a0000-0x000bffff window]
[    0.981367] pci_bus 0000:00: root bus resource [mem 0x40000000-0xfdffffff window]
[    0.987927] pci_bus 0000:00: root bus resource [bus 00-ff]
[    0.998153] pci 0000:00:01.1: legacy IDE quirk: reg 0x10: [io  0x01f0-0x01f7]
[    1.003845] pci 0000:00:01.1: legacy IDE quirk: reg 0x14: [io  0x03f6]
[    1.009393] pci 0000:00:01.1: legacy IDE quirk: reg 0x18: [io  0x0170-0x0177]
[    1.014643] pci 0000:00:01.1: legacy IDE quirk: reg 0x1c: [io  0x0376]
[    1.061301] pci 0000:00:07.0: quirk: [io  0x4000-0x403f] claimed by PIIX4 ACPI
[    1.065723] pci 0000:00:07.0: quirk: [io  0x4100-0x410f] claimed by PIIX4 SMB
[    1.098106] ACPI: PCI Interrupt Link [LNKA] (IRQs 5 9 10 *11)
[    1.103210] ACPI: PCI Interrupt Link [LNKB] (IRQs 5 9 *10 11)
[    1.108817] ACPI: PCI Interrupt Link [LNKC] (IRQs 5 *9 10 11)
[    1.114555] ACPI: PCI Interrupt Link [LNKD] (IRQs 5 9 10 *11)
[    1.120241] ACPI: Enabled 2 GPEs in block 00 to 07
[    1.124886] vgaarb: setting as boot device: PCI:0000:00:02.0
[    1.128896] vgaarb: device added: PCI:0000:00:02.0,decodes=io+mem,owns=io+mem,locks=none
[    1.135201] vgaarb: loaded
[    1.137700] vgaarb: bridge control possible 0000:00:02.0
[    1.142204] SCSI subsystem initialized
[    1.145313] ACPI: bus type USB registered
[    1.148384] usbcore: registered new interface driver usbfs
[    1.152284] usbcore: registered new interface driver hub
[    1.156452] usbcore: registered new device driver usb
[    1.161492] PCI: Using ACPI for IRQ routing
[    1.174055] NetLabel: Initializing
[    1.176741] NetLabel:  domain hash size = 128
[    1.179976] NetLabel:  protocols = UNLABELED CIPSOv4
[    1.183515] NetLabel:  unlabeled traffic allowed by default
[    1.187576] amd_nb: Cannot enumerate AMD northbridges
[    1.191328] clocksource: Switched to clocksource kvm-clock
[    1.244519] AppArmor: AppArmor Filesystem Enabled
[    1.248036] pnp: PnP ACPI init
[    1.251515] pnp: PnP ACPI: found 3 devices
[    1.266666] clocksource: acpi_pm: mask: 0xffffff max_cycles: 0xffffff, max_idle_ns: 2085701024 ns
[    1.270603] NET: Registered protocol family 2
[    1.273669] TCP established hash table entries: 8192 (order: 4, 65536 bytes)
[    1.277340] TCP bind hash table entries: 8192 (order: 5, 131072 bytes)
[    1.280655] TCP: Hash tables configured (established 8192 bind 8192)
[    1.296322] UDP hash table entries: 512 (order: 2, 16384 bytes)
[    1.299729] UDP-Lite hash table entries: 512 (order: 2, 16384 bytes)
[    1.303162] NET: Registered protocol family 1
[    1.305830] pci 0000:00:00.0: Limiting direct PCI/PCI transfers
[    1.309540] pci 0000:00:01.0: Activating ISA DMA hang workarounds
[    1.313877] Unpacking initramfs...
[    2.046039] Freeing initrd memory: 14888K
[    2.048906] clocksource: tsc: mask: 0xffffffffffffffff max_cycles: 0x396d519840e, max_idle_ns: 881590569543 ns
[    2.054031] platform rtc_cmos: registered platform RTC device (no PNP device found)
[    2.058424] Scanning for low memory corruption every 60 seconds
[    2.062350] audit: initializing netlink subsys (disabled)
[    2.064924] audit: type=2000 audit(1632292769.842:1): initialized
[    2.067129] Initialise system trusted keyring
[    2.068737] HugeTLB registered 2 MB page size, pre-allocated 0 pages
[    2.072370] zbud: loaded
[    2.074673] VFS: Disk quotas dquot_6.6.0
[    2.076528] VFS: Dquot-cache hash table entries: 512 (order 0, 4096 bytes)
[    2.079771] squashfs: version 4.0 (2009/01/31) Phillip Lougher
[    2.083593] fuse init (API version 7.23)
[    2.099968] Key type big_key registered
[    2.102354] Allocating IMA MOK and blacklist keyrings.
[    2.107828] Key type asymmetric registered
[    2.110109] Asymmetric key parser 'x509' registered
[    2.112962] Block layer SCSI generic (bsg) driver version 0.4 loaded (major 249)
[    2.117479] io scheduler noop registered
[    2.119617] io scheduler deadline registered (default)
[    2.124376] io scheduler cfq registered
[    2.126853] pci_hotplug: PCI Hot Plug PCI Core version: 0.5
[    2.129891] pciehp: PCI Express Hot Plug Controller Driver version: 0.4
[    2.133575] ACPI: AC Adapter [AC] (off-line)
[    2.136205] input: Power Button as /devices/LNXSYSTM:00/LNXPWRBN:00/input/input0
[    2.140609] ACPI: Power Button [PWRF]
[    2.142847] input: Sleep Button as /devices/LNXSYSTM:00/LNXSLPBN:00/input/input1
[    2.148039] ACPI: Sleep Button [SLPF]
[    2.150642] GHES: HEST is not enabled!
[    2.153022] Serial: 8250/16550 driver, 32 ports, IRQ sharing enabled
[    2.153977] ACPI: Battery Slot [BAT0] (battery present)
[    2.177423] 00:02: ttyS0 at I/O 0x3f8 (irq = 4, base_baud = 115200) is a 16550A
[    2.183622] Linux agpgart interface v0.103
[    2.189074] loop: module loaded
[    2.192034] scsi host0: ata_piix
[    2.194353] scsi host1: ata_piix
[    2.196458] ata1: PATA max UDMA/33 cmd 0x1f0 ctl 0x3f6 bmdma 0xd000 irq 14
[    2.200686] ata2: PATA max UDMA/33 cmd 0x170 ctl 0x376 bmdma 0xd008 irq 15
[    2.203518] libphy: Fixed MDIO Bus: probed
[    2.204774] tun: Universal TUN/TAP device driver, 1.6
[    2.206483] tun: (C) 1999-2004 Max Krasnyansky <maxk@qualcomm.com>
[    2.208089] PPP generic driver version 2.4.2
[    2.209327] ehci_hcd: USB 2.0 'Enhanced' Host Controller (EHCI) Driver
[    2.211170] ehci-pci: EHCI PCI platform driver
[    2.212440] ehci-platform: EHCI generic platform driver
[    2.213965] ohci_hcd: USB 1.1 'Open' Host Controller (OHCI) Driver
[    2.215508] ohci-pci: OHCI PCI platform driver
[    2.216799] ohci-platform: OHCI generic platform driver
[    2.218151] uhci_hcd: USB Universal Host Controller Interface driver
[    2.220046] i8042: PNP: PS/2 Controller [PNP0303:PS2K,PNP0f03:PS2M] at 0x60,0x64 irq 1,12
[    2.223146] serio: i8042 KBD port at 0x60,0x64 irq 1
[    2.225109] serio: i8042 AUX port at 0x60,0x64 irq 12
[    2.226724] mousedev: PS/2 mouse device common for all mice
[    2.229262] input: AT Translated Set 2 keyboard as /devices/platform/i8042/serio0/input/input2
[    2.231926] rtc_cmos rtc_cmos: rtc core: registered rtc_cmos as rtc0
[    2.234292] rtc_cmos rtc_cmos: alarms up to one day, 114 bytes nvram
[    2.235937] i2c /dev entries driver
[    2.237143] device-mapper: uevent: version 1.0.3
[    2.238479] device-mapper: ioctl: 4.34.0-ioctl (2015-10-28) initialised: dm-devel@redhat.com
[    2.242416] ledtrig-cpu: registered to indicate activity on CPUs
[    2.245448] NET: Registered protocol family 10
[    2.247517] NET: Registered protocol family 17
[    2.250315] Key type dns_resolver registered
[    2.253208] registered taskstats version 1
[    2.255217] Loading compiled-in X.509 certificates
[    2.259126] Loaded X.509 cert 'Build time autogenerated kernel key: cf00e047681d67edb2720680708b7d9498083038'
[    2.264307] zswap: loaded using pool lzo/zbud
[    2.268902] Key type trusted registered
[    2.275649] Key type encrypted registered
[    2.277441] AppArmor: AppArmor sha1 policy hashing enabled
[    2.279630] ima: No TPM chip found, activating TPM-bypass!
[    2.281811] ima: Allocated hash algorithm: sha1
[    2.283836] evm: HMAC attrs: 0x1
[    2.286324]   Magic number: 5:439:671
[    2.288141] rtc_cmos rtc_cmos: setting system clock to 2021-09-22 06:39:24 UTC (1632292764)
[    2.293467] BIOS EDD facility v0.16 2004-Jun-25, 0 devices found
[    2.296917] EDD information not available.
[    2.396534] Freeing unused kernel memory: 1492K
[    2.401222] Write protecting the kernel read-only data: 14336k
[    2.407778] Freeing unused kernel memory: 1584K
[    2.413152] Freeing unused kernel memory: 52K
Loading, please wait...
starting version 229
[    2.452967] random: systemd-udevd: uninitialized urandom read (16 bytes read, 5 bits of entropy available)
[    2.454304] random: udevadm: uninitialized urandom read (16 bytes read, 5 bits of entropy available)
[    2.454366] random: udevadm: uninitialized urandom read (16 bytes read, 5 bits of entropy available)
[    2.465820] random: systemd-udevd: uninitialized urandom read (16 bytes read, 5 bits of entropy available)
[    2.466188] random: udevadm: uninitialized urandom read (16 bytes read, 5 bits of entropy available)
[    2.466249] random: udevadm: uninitialized urandom read (16 bytes read, 5 bits of entropy available)
[    2.466428] random: udevadm: uninitialized urandom read (16 bytes read, 5 bits of entropy available)
[    2.466500] random: udevadm: uninitialized urandom read (16 bytes read, 5 bits of entropy available)
[    2.466576] random: udevadm: uninitialized urandom read (16 bytes read, 5 bits of entropy available)
[    2.466650] random: udevadm: uninitialized urandom read (16 bytes read, 5 bits of entropy available)
[    2.575247] Fusion MPT base driver 3.04.20
[    2.577275] Copyright (c) 1999-2008 LSI Corporation
[    2.580226] e1000: Intel(R) PRO/1000 Network Driver - version 7.3.21-k8-NAPI
[    2.583359] e1000: Copyright (c) 1999-2006 Intel Corporation.
[    2.595764] Fusion MPT SPI Host driver 3.04.20
[    2.660004] AVX2 version of gcm_enc/dec engaged.
[    2.663085] AES CTR mode by8 optimization enabled
[    2.799036] input: ImExPS/2 Generic Explorer Mouse as /devices/platform/i8042/serio1/input/input4
[    3.069339] e1000 0000:00:03.0 eth0: (PCI:33MHz:32-bit) 02:a0:46:b5:71:eb
[    3.073282] e1000 0000:00:03.0 eth0: Intel(R) PRO/1000 Network Connection
[    3.078147] mptbase: ioc0: Initiating bringup
[    3.144188] ioc0: LSI53C1030 A0: Capabilities={Initiator}
[    3.315549] scsi host2: ioc0: LSI53C1030 A0, FwRev=00000000h, Ports=1, MaxQ=256, IRQ=20
[    3.436563] scsi 2:0:0:0: Direct-Access     VBOX     HARDDISK         1.0  PQ: 0 ANSI: 5
[    3.447076] scsi target2:0:0: Beginning Domain Validation
[    3.458304] scsi target2:0:0: Domain Validation skipping write tests
[    3.464751] scsi target2:0:0: Ending Domain Validation
[    3.470134] scsi target2:0:0: asynchronous
[    3.479794] scsi 2:0:1:0: Direct-Access     VBOX     HARDDISK         1.0  PQ: 0 ANSI: 5
[    3.488965] scsi target2:0:1: Beginning Domain Validation
[    3.499950] scsi target2:0:1: Domain Validation skipping write tests
[    3.506479] scsi target2:0:1: Ending Domain Validation
[    3.512283] scsi target2:0:1: asynchronous
[    3.538767] sd 2:0:0:0: Attached scsi generic sg0 type 0
[    3.575824] sd 2:0:0:0: [sda] 83886080 512-byte logical blocks: (42.9 GB/40.0 GiB)
[    3.582091] sd 2:0:0:0: [sda] Write Protect is off
[    3.586215] sd 2:0:0:0: [sda] Incomplete mode parameter data
[    3.590178] sd 2:0:0:0: [sda] Assuming drive cache: write through
[    3.594514] sd 2:0:1:0: [sdb] 20480 512-byte logical blocks: (10.5 MB/10.0 MiB)
[    3.597959] sd 2:0:1:0: [sdb] Write Protect is off
[    3.599908] sd 2:0:1:0: [sdb] Incomplete mode parameter data
[    3.602407] sd 2:0:1:0: [sdb] Assuming drive cache: write through
[    3.604763] sd 2:0:1:0: Attached scsi generic sg1 type 0
[    3.637886]  sda: sda1
[    3.642492] sd 2:0:1:0: [sdb] Attached SCSI disk
[    3.645954] sd 2:0:0:0: [sda] Attached SCSI disk
[    3.931003] e1000 0000:00:08.0 eth1: (PCI:33MHz:32-bit) 08:00:27:03:33:d8
[    3.934699] e1000 0000:00:08.0 eth1: Intel(R) PRO/1000 Network Connection
[    4.410867] e1000 0000:00:09.0 eth2: (PCI:33MHz:32-bit) 08:00:27:1e:6d:c0
[    4.416698] e1000 0000:00:09.0 eth2: Intel(R) PRO/1000 Network Connection
[    4.868675] e1000 0000:00:0a.0 eth3: (PCI:33MHz:32-bit) 08:00:27:51:23:19
[    4.872809] e1000 0000:00:0a.0 eth3: Intel(R) PRO/1000 Network Connection
[    5.328907] e1000 0000:00:10.0 eth4: (PCI:33MHz:32-bit) 08:00:27:73:3c:15
[    5.334725] e1000 0000:00:10.0 eth4: Intel(R) PRO/1000 Network Connection
[    5.344039] e1000 0000:00:03.0 enp0s3: renamed from eth0
[    5.368260] e1000 0000:00:08.0 enp0s8: renamed from eth1
[    5.388368] e1000 0000:00:0a.0 enp0s10: renamed from eth3
[    5.404299] e1000 0000:00:10.0 enp0s16: renamed from eth4
[    5.424032] e1000 0000:00:09.0 enp0s9: renamed from eth2
Begin: Loading essential drivers ... [    7.276266] md: linear personality registered for level -1
[    7.283646] md: multipath personality registered for level -4
[    7.290773] md: raid0 personality registered for level 0
[    7.300927] md: raid1 personality registered for level 1
[    7.379411] raid6: sse2x1   gen()  4107 MB/s
[    7.447440] raid6: sse2x1   xor()  2978 MB/s
[    7.515418] raid6: sse2x2   gen()  6096 MB/s
[    7.583433] raid6: sse2x2   xor()  4109 MB/s
[    7.651535] raid6: sse2x4   gen()  6726 MB/s
[    7.719422] raid6: sse2x4   xor()  3935 MB/s
[    7.787492] raid6: avx2x1   gen()  6750 MB/s
[    7.855426] raid6: avx2x2   gen()  8362 MB/s
[    7.923416] raid6: avx2x4   gen() 10625 MB/s
[    7.925753] raid6: using algorithm avx2x4 gen() 10625 MB/s
[    7.928675] raid6: using avx2x2 recovery algorithm
[    7.934345] xor: automatically using best checksumming function:
[    7.975407]    avx       :  9555.000 MB/sec
[    7.980250] async_tx: api initialized (async)
[    8.002741] md: raid6 personality registered for level 6
[    8.005752] md: raid5 personality registered for level 5
[    8.009518] md: raid4 personality registered for level 4
[    8.020135] md: raid10 personality registered for level 10
done.
Begin: Running /scripts/init-premount ... done.
Begin: Mounting root file system ... Begin: Running /scripts/local-top ... done.
Begin: Running /scripts/local-premount ... [    8.090604] Btrfs loaded
Scanning for Btrfs filesystems
done.
Warning: fsck not present, so skipping root file system
[    8.172230] EXT4-fs (sda1): mounted filesystem with ordered data mode. Opts: (null)
done.
Begin: Running /scripts/local-bottom ... done.
Begin: Running /scripts/init-bottom ... done.
[    8.350803] systemd[1]: systemd 229 running in system mode. (+PAM +AUDIT +SELINUX +IMA +APPARMOR +SMACK +SYSVINIT +UTMP +LIBCRYPTSETUP +GCRYPT +GNUTLS +ACL +XZ -LZ4 +SECCOMP +BLKID +ELFUTILS +KMOD -IDN)
[    8.364123] systemd[1]: Detected virtualization oracle.
[    8.367838] systemd[1]: Detected architecture x86-64.

Welcome to [1mUbuntu 16.04.7 LTS[0m!

[    8.377472] systemd[1]: Set hostname to <ubuntu>.
[    8.385375] systemd[1]: Initializing machine ID from random generator.
[    8.389971] systemd[1]: Installed transient /etc/machine-id file.
[    8.891420] systemd[1]: Listening on LVM2 metadata daemon socket.
[[0;32m  OK  [0m] Listening on LVM2 metadata daemon socket.
[    9.053690] systemd[1]: Listening on udev Kernel Socket.
[[0;32m  OK  [0m] Listening on udev Kernel Socket.
[    9.313291] systemd[1]: Listening on Journal Audit Socket.
[[0;32m  OK  [0m] Listening on Journal Audit Socket.
[    9.561409] systemd[1]: Listening on Journal Socket (/dev/log).
[[0;32m  OK  [0m] Listening on Journal Socket (/dev/log).
[    9.681477] systemd[1]: Listening on Device-mapper event daemon FIFOs.
[[0;32m  OK  [0m] Listening on Device-mapper event daemon FIFOs.
[    9.692967] systemd[1]: Reached target System Time Synchronized.
[[0;32m  OK  [0m] Reached target System Time Synchronized.
[    9.703777] systemd[1]: Listening on LVM2 poll daemon socket.
[[0;32m  OK  [0m] Listening on LVM2 poll daemon socket.
[    9.712066] systemd[1]: Listening on /dev/initctl Compatibility Named Pipe.
[[0;32m  OK  [0m] Listening on /dev/initctl Compatibility Named Pipe.
[    9.721244] systemd[1]: Set up automount Arbitrary Executable File Formats File System Automount Point.
[[0;32m  OK  [0m] Set up automount Arbitrary Executab...ats File System Automount Point.
[    9.734009] systemd[1]: Listening on udev Control Socket.
[[0;32m  OK  [0m] Listening on udev Control Socket.
[    9.741913] systemd[1]: Started Trigger resolvconf update for networkd DNS.
[[0;32m  OK  [0m] Started Trigger resolvconf update for networkd DNS.
[    9.750910] systemd[1]: Listening on Journal Socket.
[[0;32m  OK  [0m] Listening on Journal Socket.
[    9.758174] systemd[1]: Listening on Syslog Socket.
[[0;32m  OK  [0m] Listening on Syslog Socket.
[    9.766171] systemd[1]: Created slice System Slice.
[[0;32m  OK  [0m] Created slice System Slice.
[    9.940887] systemd[1]: Starting Load Kernel Modules...
         Starting Load Kernel Modules...
[    9.955621] systemd[1]: Starting Set console keymap...
         Starting Set console keymap...
[    9.974863] systemd[1]: Mounting Debug File System...
         Mounting Debug File System...
[   10.014292] Loading iSCSI transport class v2.0-870.
[   10.016048] systemd[1]: Starting Monitoring of LVM2 mirrors, snapshots etc. using dmeventd or progress polling...
         Starting Monitoring of LVM2 mirrors... dmeventd or progress polling...
[   10.041488] systemd[1]: Starting Journal Service...
[   10.047495] random: nonblocking pool is initialized
         Starting Journal Service...
[   10.070369] systemd[1]: Created slice system-serial\x2dgetty.slice.
[[0;32m  OK  [0m] Created slice system-serial\x2dgetty.slice.
[   10.077220] systemd[1]: Started Forward Password Requests to Wall Directory Watch.
[[0;32m  OK  [0m] Started Forward Password Requests to Wall Directory Watch.
[   10.089061] iscsi: registered transport (tcp)
[   10.092115] systemd[1]: Reached target Encrypted Volumes.
[[0;32m  OK  [0m] Reached target Encrypted Volumes.
[   10.111714] systemd[1]: Starting Create list of required static device nodes for the current kernel...
         Starting Create list of required st... nodes for the current kernel...
[   10.129110] systemd[1]: Starting Uncomplicated firewall...
         Starting Uncomplicated firewall...
[   10.136391] systemd[1]: Mounting Huge Pages File System...
         Mounting Huge Pages File System...
[   10.146037] systemd[1]: Mounting POSIX Message Queue File System...
         Mounting POSIX Message Queue File System...
[   10.158005] systemd[1]: Reached target User and Group Name Lookups.
[[0;32m  OK  [0m] Reached target User and Group Name Lookups.
[   10.164858] systemd[1]: Created slice User and Session Slice.
[[0;32m  OK  [0m] Created slice User and Session Slice.
[   10.170447] systemd[1]: Reached target Slices.
[[0;32m  OK  [0m] Reached target Slices.
[   10.176098] systemd[1]: Listening on fsck to fsckd communication Socket.
[[0;32m  OK  [0m] Listening on fsck to fsckd communication Socket.
[   10.199650] systemd[1]: Starting File System Check on Root Device...
[   10.203580] iscsi: registered transport (iser)
         Starting File System Check on Root Device...
[   10.207999] systemd[1]: Reached target Swap.
[[0;32m  OK  [0m] Reached target Swap.
[   10.214163] systemd[1]: Starting Nameserver information manager...
         Starting Nameserver information manager...
[   10.239833] systemd[1]: Mounted POSIX Message Queue File System.
[[0;32m  OK  [0m] Mounted POSIX Message Queue File System.
[   10.246441] systemd[1]: Mounted Huge Pages File System.
[[0;32m  OK  [0m] Mounted Huge Pages File System.
[   10.251867] systemd[1]: Mounted Debug File System.
[[0;32m  OK  [0m] Mounted Debug File System.
[   10.256418] systemd[1]: Started Journal Service.
[[0;32m  OK  [0m] Started Journal Service.
[[0;32m  OK  [0m] Started Load Kernel Modules.
[[0;32m  OK  [0m] Started Set console keymap.
[[0;32m  OK  [0m] Started Create list of required sta...ce nodes for the current kernel.
[[0;32m  OK  [0m] Started Uncomplicated firewall.
[[0;32m  OK  [0m] Started File System Check on Root Device.
[[0;32m  OK  [0m] Started Nameserver information manager.
[[0;32m  OK  [0m] Started File System Check Daemon to report status.
[[0;32m  OK  [0m] Started LVM2 metadata daemon.
         Starting Remount Root and Kernel File Systems...
         Starting Create Static Device Nodes in /dev...
         [   10.347319] EXT4-fs (sda1): re-mounted. Opts: (null)
Mounting FUSE Control File System...
         Starting Apply Kernel Variables...
[[0;32m  OK  [0m] Mounted FUSE Control File System.
[[0;32m  OK  [0m] Started Remount Root and Kernel File Systems.
         Starting Flush Journal to Persistent Storage...
         Starting Load/Save Random Seed...
         Starting udev Coldplug all Devices...
[[0;32m  OK  [0m] Started Apply Kernel Variables.
[[0;32m  OK  [0m] Started Create Static Device Nodes in /dev.
[[0;32m  OK  [0m] Started Load/Save Random Seed.
         Starting udev Kernel Device Manager...
[[0;32m  OK  [0m] Started Flush Journal to Persistent Storage.
[[0;32m  OK  [0m] Started udev Kernel Device Manager.
[[0;32m  OK  [0m] Started udev Coldplug all Devices.
[[0;32m  OK  [0m] Started Dispatch Password Requests to Console Directory Watch.
[[0;32m  OK  [0m] Started Monitoring of LVM2 mirrors,...ng dmeventd or progress polling.
[[0;32m  OK  [0m] Reached target Local File Systems (Pre).
[[0;32m  OK  [0m] Reached target Local File Systems.
         Starting Initial cloud-init job (pre-networking)...
         Starting Create Volatile Files and Directories...
         Starting Set console font and keymap...
         Starting Commit a transient machine-id on disk...
         Starting Tell Plymouth To Write Out Runtime Data...
         Starting LSB: AppArmor initialization...
[[0;32m  OK  [0m] Started Create Volatile Files and Directories.
[[0;32m  OK  [0m] Started Tell Plymouth To Write Out Runtime Data.
         Starting Update UTMP about System Boot/Shutdown...
[[0;32m  OK  [0m] Started Commit a transient machine-id on disk.
[[0;32m  OK  [0m] Started Update UTMP about System Boot/Shutdown.
[[0;32m  OK  [0m] Found device /dev/ttyS0.
[[0;32m  OK  [0m] Listening on Load/Save RF Kill Switch Status /dev/rfkill Watch.
[   13.755208] cloud-init[504]: Cloud-init v. 21.1-19-gbad84ad4-0ubuntu1~16.04.2 running 'init-local' at Wed, 22 Sep 2021 06:39:35 +0000. Up 12.87 seconds.
[[0;32m  OK  [0m] Started Initial cloud-init job (pre-networking).
[[0;32m  OK  [0m] Started LSB: AppArmor initialization.
         Starting Load AppArmor profiles managed internally by snapd...
[[0;32m  OK  [0m] Reached target Network (Pre).
         Starting Raise network interfaces...
[[0;32m  OK  [0m] Started Set console font and keymap.
[[0;32m  OK  [0m] Started Load AppArmor profiles managed internally by snapd.
[[0;32m  OK  [0m] Created slice system-getty.slice.
[[0;32m  OK  [0m] Started Raise network interfaces.
[[0;32m  OK  [0m] Reached target Network.
         Starting Initial cloud-init job (metadata service crawler)...
[   17.287891] cloud-init[1017]: Cloud-init v. 21.1-19-gbad84ad4-0ubuntu1~16.04.2 running 'init' at Wed, 22 Sep 2021 06:39:38 +0000. Up 15.55 seconds.
[   17.293220] cloud-init[1017]: ci-info: +++++++++++++++++++++++++++++++++++++++Net device info+++++++++++++++++++++++++++++++++++++++
[   17.305456] cloud-init[1017]: ci-info: +---------+-------+----------------------------+---------------+--------+-------------------+
[   17.311445] cloud-init[1017]: ci-info: |  Device |   Up  |          Address           |      Mask     | Scope  |     Hw-Address    |
[   17.325486] cloud-init[1017]: ci-info: +---------+-------+----------------------------+---------------+--------+-------------------+
[   17.330903] cloud-init[1017]: ci-info: | enp0s10 | False |             .              |       .       |   .    | 08:00:27:51:23:19 |
[   17.341210] cloud-init[1017]: ci-info: | enp0s16 | False |             .              |       .       |   .    | 08:00:27:73:3c:15 |
[   17.346318] cloud-init[1017]: ci-info: |  enp0s3 |  True |         10.0.2.15          | 255.255.255.0 | global | 02:a0:46:b5:71:eb |
[   17.357569] cloud-init[1017]: ci-info: |  enp0s3 |  True | fe80::a0:46ff:feb5:71eb/64 |       .       |  link  | 02:a0:46:b5:71:eb |
[   17.364478] cloud-init[1017]: ci-info: |  enp0s8 | False |             .              |       .       |   .    | 08:00:27:03:33:d8 |
[   17.369765] cloud-init[1017]: ci-info: |  enp0s9 | False |             .              |       .       |   .    | 08:00:27:1e:6d:c0 |
[   17.375619] cloud-init[1017]: ci-info: |    lo   |  True |         127.0.0.1          |   255.0.0.0   |  host  |         .         |
[   17.379796] cloud-init[1017]: ci-info: |    lo   |  True |          ::1/128           |       .       |  host  |         .         |
[   17.388645] cloud-init[1017]: ci-info: +---------+-------+----------------------------+---------------+--------+-------------------+
[   17.390973] cloud-init[1017]: ci-info: +++++++++++++++++++++++++++Route IPv4 info++++++++++++++++++++++++++++
[   17.393089] cloud-init[1017]: ci-info: +-------+-------------+----------+---------------+-----------+-------+
[   17.395777] cloud-init[1017]: ci-info: | Route | Destination | Gateway  |    Genmask    | Interface | Flags |
[   17.398232] cloud-init[1017]: ci-info: +-------+-------------+----------+---------------+-----------+-------+
[   17.400976] cloud-init[1017]: ci-info: |   0   |   0.0.0.0   | 10.0.2.2 |    0.0.0.0    |   enp0s3  |   UG  |
[   17.408541] cloud-init[1017]: ci-info: |   1   |   10.0.2.0  | 0.0.0.0  | 255.255.255.0 |   enp0s3  |   U   |
[   17.416805] cloud-init[1017]: ci-info: +-------+-------------+----------+---------------+-----------+-------+
[   17.424706] cloud-init[1017]: ci-info: +++++++++++++++++++Route IPv6 info+++++++++++++++++++
[   17.426363] cloud-init[1017]: ci-info: +-------+-------------+---------+-----------+-------+
[   17.432681] cloud-init[1017]: ci-info: | Route | Destination | Gateway | Interface | Flags |
[   17.435061] cloud-init[1017]: ci-info: +-------+-------------+---------+-----------+-------+
[   17.444796] cloud-init[1017]: ci-info: |   0   |  fe80::/64  |    ::   |   enp0s3  |   U   |
[   17.445283] cloud-init[1017]: ci-info: |   3   |   ff00::/8  |    ::   |   enp0s3  |   U   |
[   17.445515] cloud-init[1017]: ci-info: +-------+-------------+---------+-----------+-------+
[   17.445842] cloud-init[1017]: Generating public/private rsa key pair.
[[0;32m  OK  [0m] Started Initial cloud-init job (metadata service crawler).
[   17.446237] cloud-init[1017]: Your identification has been saved in /etc/ssh/ssh_host_rsa_key.
[   17.452180] cloud-init[1017]: Your public key has been saved in /etc/ssh/ssh_host_rsa_key.pub.
[   17.452534] cloud-init[1017]: The key fingerprint is:
[   17.453289] cloud-init[1017]: SHA256:My7AsU4C1zDcqu0vYbBbQuDVq4Q5HmSjYh3QhTjKuqM root@ubuntu-xenial
[   17.453804] cloud-init[1017]: The key's randomart image is:
[   17.454530] cloud-init[1017]: +---[RSA 2048]----+
[   17.455290] cloud-init[1017]: | o*.+.           |
[   17.455747] cloud-init[1017]: |.*.O..           |
[   17.456906] cloud-init[1017]: |X O.+ .          |
[   17.457371] cloud-init[1017]: |=%.+ +           |
[   17.457821] cloud-init[1017]: |*== *   S        |
[   17.458304] cloud-init[1017]: |=.== . . o       |
[   17.458740] cloud-init[1017]: | B .. . .        |
[   17.459042] cloud-init[1017]: |+ o    .         |
[   17.459495] cloud-init[1017]: |E. o.            |
[   17.459910] cloud-init[1017]: +----[SHA256]-----+
[   17.460439] cloud-init[1017]: Generating public/private dsa key pair.
[   17.460859] cloud-init[1017]: Your identification has been saved in /etc/ssh/ssh_host_dsa_key.
[   17.461350] cloud-init[1017]: Your public key has been saved in /etc/ssh/ssh_host_dsa_key.pub.
[   17.462001] cloud-init[1017]: The key fingerprint is:
[   17.462242] cloud-init[1017]: SHA256:FxO6J6GJWrm92Ft+JiQhEKy7KyN3wTi+wDoaqMXR+J4 root@ubuntu-xenial
[[0;32m  OK  [0m] Reached target Cloud-config availability.
[[   17.462376] cloud-init[1017]: The key's randomart image is:
[   17.472315] cloud-init[1017]: +---[DSA 1024]----+
[   17.473024] cloud-init[1017]: | ...      .      |
[0;32m  OK  [0m] Reached target Network is Online.
[   17.473484] cloud-init[1017]: |  o      . .     |
[   17.476878] cloud-init[1017]: | . .    o o      |
[   17.478414] cloud-init[1017]: |.  o.o.o o o     |
[   17.479716] cloud-init[1017]: | .oo=.o.S o      |
[   17.480882] cloud-init[1017]: |+.o=oo. .+       |
[   17.488602] cloud-init[1017]: |+++.o..o.        |
         Starting iSCSI initiator daemon (iscsid)...
[[0;32m  OK  [0m] Reached target System Initialization.
[   17.497490] cloud-init[1017]: |O+o..+ +. o      |
[   17.512710] [[0;32m  OK  [0m] Started ACPI Events Check.
[[0;32m  OK  [0m] Reached target Paths.
cloud-init[1017]: |O=.oE +..+       |
[   17.516492] cloud-init[1017]: +----[SHA256]-----+
[   17.524399] cloud-init[1017]: Generating public/private ecdsa key pair.
         Starting LXD - unix socket.
[   17.529056]          Starting Socket activation for snappy daemon.
cloud-init[1017]: Your identification has been saved in /etc/ssh/ssh_host_ecdsa_key.
[   17.541097] [[0;32m  OK  [0m] Listening on ACPID Listen Socket.
[[0;32m  OK  [0m] Started Daily apt download activities.
cloud-init[1017]: Your public key has been saved in /etc/ssh/ssh_host_ecdsa_key.pub.
[[0;32m  OK  [0m] Started Daily apt upgrade and clean activities.
[[0;32m  OK  [0m] Started Daily Cleanup of Temporary Directories.
[[0;32m  OK  [0m] Listening on UUID daemon activation socket.
[[0;32m  OK  [0m] Started Message of the Day.
[[0;32m  OK  [0m] Started Ubuntu Advantage update messaging.
[[0;32m  OK  [0m] Reached target Timers.
[[0;32m  OK  [0m] Listening on D-Bus System Message Bus Socket.
[   17.547908] cloud-init[1017]: The key fingerprint is:
[   17.561656] cloud-init[1017]: SHA256:ZWX0W8Yu/ky/Dj4BMX3wUPWAXfFCLVW7wLkq62EaHWo root@ubuntu-xenial
[   17.565176] cloud-init[1017]: The key's randomart image is:
[   17.568046] cloud-init[1017]: +---[ECDSA 256]---+
[[0;32m  OK  [0m] Listening on LXD - unix socket.
[   17.577331] [[0;32m  OK  [0m] Listening on Socket activation for snappy daemon.
[[0;32m  OK  [0m] Reached target Sockets.
[[0;32m  OK  [0m] Reached target Basic System.
         Starting LSB: MD monitoring daemon...
cloud-init[1017]: |           .===*O|         Starting Virtualbox guest utils...

[   17.592970] cloud-init[[0;32m  OK  [0m] Started ACPI event daemon.
[1017]: |           =o+*+=|
[   17.598233]          Starting /etc/rc.local Compatibility...
cloud-init[1017]: |          o o+++*|
[   17.618422] [[0;32m  OK  [0m] Started FUSE filesystem for LXC.
cloud-init[1017]: |         o .  o*.|
[   17.631854]          Starting Accounts Service...
cloud-init[1017]: |        S.  ..o..|         Starting Pollinate to seed the pseudo random number generator...
[[0;32m  OK  [0m] Started Regular background program processing daemon.

[   17.652517]          Starting System Logging Service...
cloud-init[1017]: |        o . .o . |         Starting Login Service...
         Starting Snap Daemon...
[[0;32m  OK  [0m] Started Deferred execution scheduler.

[   17.669389]          Starting LSB: Record successful boot for GRUB...
[[0;32m  OK  [0m] Started D-Bus System Message Bus.
cloud-init[1017]: |       E = . .o .|
[   17.676658] cloud-init[1017]: |      . + + ...+.|
[   17.690140] cloud-init[1017]: |       ..o   .oo=|
[   17.693519] cloud-init[1017]: +----[SHA256]-----+
[   17.698714] cloud-init[1017]: Generating public/private ed25519 key pair.
[   17.704761] cloud-init[1017]: Your identification has been saved in /etc/ssh/ssh_host_ed25519_key.
[   17.707191] cloud-init[1017]: Your public key has been saved in /etc/ssh/ssh_host_ed25519_key.pub.
[   17.710944] cloud-init[1017]: The key fingerprint is:
[   17.713971] cloud-init[1017]: SHA256:6Tlmto0PWV2+wE7qBDxjSBNZI6aIpnq0vab7FF087hc root@ubuntu-xenial
[   17.718520] cloud-init[1017]: The key's randomart image is:
[   17.732487] cloud-init[1017]: +--[ED25519 256]--+
[   17.734611] cloud-init[1017]: |      +oo        |         Starting LXD - container startup/shutdown...

[[0;32m  OK  [0m] Started System Logging Service.
[   17.738447] [[0;32m  OK  [0m] Started iSCSI initiator daemon (iscsid).
cloud-init[1017]: [[0;32m  OK  [0m] Started /etc/rc.local Compatibility.
| . . o.+ .       |
[   17.770019] cloud-init[1017]: |... . o +     .  |
[   17.772860] cloud-init[1017]: |o    o * o o o   |
[   17.775564] cloud-init[1017]: |. . . o S E = .  |
[   17.821742]          Starting Login to default iSCSI targets...
cloud-init[1017]: |.. o . + B = . . |
[   17.868360] cloud-init[1017]: |. o o   @ + . .  |
[   17.906273] [[0;32m  OK  [0m] Started Login Service.
[[0;32m  OK  [0m] Started LSB: MD monitoring daemon.
cloud-init[1017]: | . ... + X       |
[   17.915961] cloud-init[1017]: |  o=o   o.+      |
         Starting Authenticate and Authorize Users to Run Privileged Tasks...
[   17.957828] [[0;32m  OK  [0m] Started Unattended Upgrades Shutdown.
cloud-init[1017]: +----[SHA256]-----+
[[0;32m  OK  [0m] Started Login to default iSCSI targets.
[[0;32m  OK  [0m] Reached target Remote File Systems (Pre).
[[0;32m  OK  [0m] Reached target Remote File Systems.
         Starting LSB: Set the CPU Frequency Scaling governor to "ondemand"...
         Starting LSB: automatic crash report generation...
         Starting Permit User Sessions...
         Starting LSB: daemon to balance interrupts for SMP systems...
[[0;32m  OK  [0m] Started LSB: Record successful boot for GRUB.
[[0;32m  OK  [0m] Started Authenticate and Authorize Users to Run Privileged Tasks.
[[0;32m  OK  [0m] Started Permit User Sessions.
         Starting Terminate Plymouth Boot Screen...
         Starting Hold until boot process finishes up...
[[0;32m  OK  [0m] Started Terminate Plymouth Boot Screen.
[[0;32m  OK  [0m] Started Hold until boot process finishes up.
[[0;32m  OK  [0m] Started Accounts Service.
[[0;32m  OK  [0m] Started Serial Getty on ttyS0.
         Starting Set console scheme...
[[0;32m  OK  [0m] Started Getty on tty1.
[[0;32m  OK  [0m] Reached target Login Prompts.
[[0;32m  OK  [0m] Started Virtualbox guest utils.
[[0;32m  OK  [0m] Started LSB: Set the CPU Frequency Scaling governor to "ondemand".
[[0;32m  OK  [0m] Started LSB: daemon to balance interrupts for SMP systems.
[[0;32m  OK  [0m] Started Set console scheme.
[[0;32m  OK  [0m] Started LXD - container startup/shutdown.
[[0;32m  OK  [0m] Started LSB: automatic crash report generation.
[[0;32m  OK  [0m] Started Snap Daemon.
         Starting Wait until snapd is fully seeded...
[[0;32m  OK  [0m] Started Pollinate to seed the pseudo random number generator.
         Starting OpenBSD Secure Shell server...
[[0;32m  OK  [0m] Started OpenBSD Secure Shell server.
[[0;32m  OK  [0m] Created slice User Slice of vagrant.
         Starting User Manager for UID 1000...
[[0;32m  OK  [0m] Started Session 1 of user vagrant.
[[0;32m  OK  [0m] Started User Manager for UID 1000.
[[0;32m  OK  [0m] Started Wait until snapd is fully seeded.
[[0;32m  OK  [0m] Reached target Multi-User System.
[[0;32m  OK  [0m] Reached target Graphical Interface.
         Starting Update UTMP about System Runlevel Changes...
         Starting Apply the settings specified in cloud-config...
[[0;32m  OK  [0m] Started Update UTMP about System Runlevel Changes.
[   22.574974] cloud-init[1444]: Generating locales (this might take a while)...
[   24.496598] cloud-init[1444]:   en_US.UTF-8... done
[   24.499102] cloud-init[1444]: Generation complete.

Ubuntu 16.04.7 LTS ubuntu-xenial ttyS0

ubuntu-xenial login: [   25.107951] cloud-init[1444]: Cloud-init v. 21.1-19-gbad84ad4-0ubuntu1~16.04.2 running 'modules:config' at Wed, 22 Sep 2021 06:39:44 +0000. Up 22.22 seconds.
ci-info: no authorized SSH keys fingerprints found for user ubuntu.
<14>Sep 22 06:39:48 ec2: 
<14>Sep 22 06:39:48 ec2: #############################################################
<14>Sep 22 06:39:48 ec2: -----BEGIN SSH HOST KEY FINGERPRINTS-----
<14>Sep 22 06:39:48 ec2: 1024 SHA256:FxO6J6GJWrm92Ft+JiQhEKy7KyN3wTi+wDoaqMXR+J4 root@ubuntu-xenial (DSA)
<14>Sep 22 06:39:48 ec2: 256 SHA256:ZWX0W8Yu/ky/Dj4BMX3wUPWAXfFCLVW7wLkq62EaHWo root@ubuntu-xenial (ECDSA)
<14>Sep 22 06:39:48 ec2: 256 SHA256:6Tlmto0PWV2+wE7qBDxjSBNZI6aIpnq0vab7FF087hc root@ubuntu-xenial (ED25519)
<14>Sep 22 06:39:48 ec2: 2048 SHA256:My7AsU4C1zDcqu0vYbBbQuDVq4Q5HmSjYh3QhTjKuqM root@ubuntu-xenial (RSA)
<14>Sep 22 06:39:48 ec2: -----END SSH HOST KEY FINGERPRINTS-----
<14>Sep 22 06:39:48 ec2: #############################################################
-----BEGIN SSH HOST KEY KEYS-----
ecdsa-sha2-nistp256 AAAAE2VjZHNhLXNoYTItbmlzdHAyNTYAAAAIbmlzdHAyNTYAAABBBG7q9C/J2LboaGf5GZ0pXQTTsHaZlrUFHV3U8dcx4wTDj5HhMBEt+CeiG/qCFE+WArJ0xGVd1EZAtjUHAQghgiI= root@ubuntu-xenial
ssh-ed25519 AAAAC3NzaC1lZDI1NTE5AAAAIP5c4mPYwloguG0CxXGr9or7Z7Q1XvQDPyexvDC531OS root@ubuntu-xenial
ssh-rsa AAAAB3NzaC1yc2EAAAADAQABAAABAQChUJ1JdCGjEUhF8IMVfRbcPW3xEXFadVUdc6WTXE8pAWUcQqsImRP5Tgte6R/ZNaY60wKU8yxYa61O9FNEE+36r56nVrSrXeYcte7IElkOavfxHizRDw2cMZNNdwMNstsdeehQHhFLcUvArjffKSoGcYev3Prhq7Rhc7ac9j6ibz/v5RfNs8J/EuQNb/luCE4xWaMahrdjkJvIJYcfHk2vF1xYs723/Zjuv1EnTqgyx1oks7YZ8oX9C3m50Fy12N5zjMfTxpOh6XUqkm5d4A7MSyta01WrIlFQpDwb2A+KwrkGlDhYwUd6sLXHSTloUjOVOjfm6eqphrBo6fNMXruV root@ubuntu-xenial
-----END SSH HOST KEY KEYS-----
[   25.969764] cloud-init[1627]: Cloud-init v. 21.1-19-gbad84ad4-0ubuntu1~16.04.2 running 'modules:final' at Wed, 22 Sep 2021 06:39:48 +0000. Up 25.68 seconds.
[   25.970127] cloud-init[1627]: ci-info: no authorized SSH keys fingerprints found for user ubuntu.
[   25.970592] cloud-init[1627]: Cloud-init v. 21.1-19-gbad84ad4-0ubuntu1~16.04.2 finished at Wed, 22 Sep 2021 06:39:48 +0000. Datasource DataSourceNoCloud [seed=/dev/sdb][dsmode=net].  Up 25.95 seconds
