[    0.000000] Initializing cgroup subsys cpuset
[    0.000000] Initializing cgroup subsys cpu
[    0.000000] Initializing cgroup subsys cpuacct
[    0.000000] Linux version 4.4.0-210-generic (buildd@lgw01-amd64-009) (gcc version 5.4.0 20160609 (Ubuntu 5.4.0-6ubuntu1~16.04.12) ) #242-Ubuntu SMP Fri Apr 16 09:57:56 UTC 2021 (Ubuntu 4.4.0-210.242-generic 4.4.262)
[    0.000000] Command line: BOOT_IMAGE=/boot/vmlinuz-4.4.0-210-generic root=LABEL=cloudimg-rootfs ro console=tty1 console=ttyS0
[    0.000000] KERNEL supported cpus:
[    0.000000]   Intel GenuineIntel
[    0.000000]   AMD AuthenticAMD
[    0.000000]   Centaur CentaurHauls
[    0.000000] x86/fpu: Legacy x87 FPU detected.
[    0.000000] e820: BIOS-provided physical RAM map:
[    0.000000] BIOS-e820: [mem 0x0000000000000000-0x000000000009fbff] usable
[    0.000000] BIOS-e820: [mem 0x000000000009fc00-0x000000000009ffff] reserved
[    0.000000] BIOS-e820: [mem 0x00000000000f0000-0x00000000000fffff] reserved
[    0.000000] BIOS-e820: [mem 0x0000000000100000-0x000000007ffeffff] usable
[    0.000000] BIOS-e820: [mem 0x000000007fff0000-0x000000007fffffff] ACPI data
[    0.000000] BIOS-e820: [mem 0x00000000fec00000-0x00000000fec00fff] reserved
[    0.000000] BIOS-e820: [mem 0x00000000fee00000-0x00000000fee00fff] reserved
[    0.000000] BIOS-e820: [mem 0x00000000fffc0000-0x00000000ffffffff] reserved
[    0.000000] NX (Execute Disable) protection: active
[    0.000000] SMBIOS 2.5 present.
[    0.000000] Hypervisor detected: KVM
[    0.000000] Kernel/User page tables isolation: disabled
[    0.000000] e820: last_pfn = 0x7fff0 max_arch_pfn = 0x400000000
[    0.000000] MTRR: Disabled
[    0.000000] x86/PAT: MTRRs disabled, skipping PAT initialization too.
[    0.000000] CPU MTRRs all blank - virtualized system.
[    0.000000] x86/PAT: Configuration [0-7]: WB  WT  UC- UC  WB  WT  UC- UC  
[    0.000000] found SMP MP-table at [mem 0x0009fff0-0x0009ffff] mapped at [ffff88000009fff0]
[    0.000000] Scanning 1 areas for low memory corruption
[    0.000000] RAMDISK: [mem 0x362dc000-0x37165fff]
[    0.000000] ACPI: Early table checksum verification disabled
[    0.000000] ACPI: RSDP 0x00000000000E0000 000024 (v02 VBOX  )
[    0.000000] ACPI: XSDT 0x000000007FFF0030 00003C (v01 VBOX   VBOXXSDT 00000001 ASL  00000061)
[    0.000000] ACPI: FACP 0x000000007FFF00F0 0000F4 (v04 VBOX   VBOXFACP 00000001 ASL  00000061)
[    0.000000] ACPI: DSDT 0x000000007FFF0470 002325 (v02 VBOX   VBOXBIOS 00000002 INTL 20100528)
[    0.000000] ACPI: FACS 0x000000007FFF0200 000040
[    0.000000] ACPI: FACS 0x000000007FFF0200 000040
[    0.000000] ACPI: APIC 0x000000007FFF0240 00005C (v02 VBOX   VBOXAPIC 00000001 ASL  00000061)
[    0.000000] ACPI: SSDT 0x000000007FFF02A0 0001CC (v01 VBOX   VBOXCPUT 00000002 INTL 20100528)
[    0.000000] No NUMA configuration found
[    0.000000] Faking a node at [mem 0x0000000000000000-0x000000007ffeffff]
[    0.000000] NODE_DATA(0) allocated [mem 0x7ffeb000-0x7ffeffff]
[    0.000000] kvm-clock: Using msrs 4b564d01 and 4b564d00
[    0.000000] kvm-clock: cpu 0, msr 0:7ffe3001, primary cpu clock
[    0.000000] kvm-clock: using sched offset of 3881330200 cycles
[    0.000000] clocksource: kvm-clock: mask: 0xffffffffffffffff max_cycles: 0x1cd42e4dffb, max_idle_ns: 881590591483 ns
[    0.000000] Zone ranges:
[    0.000000]   DMA      [mem 0x0000000000001000-0x0000000000ffffff]
[    0.000000]   DMA32    [mem 0x0000000001000000-0x000000007ffeffff]
[    0.000000]   Normal   empty
[    0.000000]   Device   empty
[    0.000000] Movable zone start for each node
[    0.000000] Early memory node ranges
[    0.000000]   node   0: [mem 0x0000000000001000-0x000000000009efff]
[    0.000000]   node   0: [mem 0x0000000000100000-0x000000007ffeffff]
[    0.000000] Initmem setup node 0 [mem 0x0000000000001000-0x000000007ffeffff]
[    0.000000] ACPI: PM-Timer IO Port: 0x4008
[    0.000000] IOAPIC[0]: apic_id 2, version 32, address 0xfec00000, GSI 0-23
[    0.000000] ACPI: INT_SRC_OVR (bus 0 bus_irq 0 global_irq 2 dfl dfl)
[    0.000000] ACPI: INT_SRC_OVR (bus 0 bus_irq 9 global_irq 9 low level)
[    0.000000] Using ACPI (MADT) for SMP configuration information
[    0.000000] smpboot: Allowing 2 CPUs, 0 hotplug CPUs
[    0.000000] PM: Registered nosave memory: [mem 0x00000000-0x00000fff]
[    0.000000] PM: Registered nosave memory: [mem 0x0009f000-0x0009ffff]
[    0.000000] PM: Registered nosave memory: [mem 0x000a0000-0x000effff]
[    0.000000] PM: Registered nosave memory: [mem 0x000f0000-0x000fffff]
[    0.000000] e820: [mem 0x80000000-0xfebfffff] available for PCI devices
[    0.000000] Booting paravirtualized kernel on KVM
[    0.000000] clocksource: refined-jiffies: mask: 0xffffffff max_cycles: 0xffffffff, max_idle_ns: 7645519600211568 ns
[    0.000000] setup_percpu: NR_CPUS:512 nr_cpumask_bits:512 nr_cpu_ids:2 nr_node_ids:1
[    0.000000] PERCPU: Embedded 33 pages/cpu @ffff88007fc00000 s95192 r8192 d31784 u1048576
[    0.000000] Built 1 zonelists in Node order, mobility grouping on.  Total pages: 515960
[    0.000000] Policy zone: DMA32
[    0.000000] Kernel command line: BOOT_IMAGE=/boot/vmlinuz-4.4.0-210-generic root=LABEL=cloudimg-rootfs ro console=tty1 console=ttyS0
[    0.000000] PID hash table entries: 4096 (order: 3, 32768 bytes)
[    0.000000] Memory: 2029984K/2096696K available (8644K kernel code, 1332K rwdata, 4044K rodata, 1492K init, 1164K bss, 66712K reserved, 0K cma-reserved)
[    0.000000] SLUB: HWalign=64, Order=0-3, MinObjects=0, CPUs=2, Nodes=1
[    0.000000] Hierarchical RCU implementation.
[    0.000000] 	Build-time adjustment of leaf fanout to 64.
[    0.000000] 	RCU restricting CPUs from NR_CPUS=512 to nr_cpu_ids=2.
[    0.000000] RCU: Adjusting geometry for rcu_fanout_leaf=64, nr_cpu_ids=2
[    0.000000] NR_IRQS:33024 nr_irqs:440 16
[    0.000000] Console: colour VGA+ 80x25
[    0.000000] console [tty1] enabled
[    0.000000] console [ttyS0] enabled
[    0.000000] tsc: Detected 1992.006 MHz processor
[    0.580457] Calibrating delay loop (skipped) preset value.. 3984.01 BogoMIPS (lpj=7968024)
[    0.585756] pid_max: default: 32768 minimum: 301
[    0.588605] ACPI: Core revision 20150930
[    0.591890] ACPI: 2 ACPI AML tables successfully acquired and loaded
[    0.596930] Security Framework initialized
[    0.599579] Yama: becoming mindful.
[    0.602073] AppArmor: AppArmor initialized
[    0.604748] Dentry cache hash table entries: 262144 (order: 9, 2097152 bytes)
[    0.617090] Inode-cache hash table entries: 131072 (order: 8, 1048576 bytes)
[    0.630160] Mount-cache hash table entries: 4096 (order: 3, 32768 bytes)
[    0.635723] Mountpoint-cache hash table entries: 4096 (order: 3, 32768 bytes)
[    0.641336] Initializing cgroup subsys io
[    0.644696] Initializing cgroup subsys memory
[    0.647590] Initializing cgroup subsys devices
[    0.650605] Initializing cgroup subsys freezer
[    0.653516] Initializing cgroup subsys net_cls
[    0.656424] Initializing cgroup subsys perf_event
[    0.659491] Initializing cgroup subsys net_prio
[    0.662551] Initializing cgroup subsys hugetlb
[    0.665479] Initializing cgroup subsys pids
[    0.668727] mce: CPU supports 0 MCE banks
[    0.671505] Last level iTLB entries: 4KB 64, 2MB 8, 4MB 8
[    0.674864] Last level dTLB entries: 4KB 64, 2MB 0, 4MB 0, 1GB 4
[    0.679493] Spectre V1 : Mitigation: usercopy/swapgs barriers and __user pointer sanitization
[    0.684708] Spectre V2 : Mitigation: Enhanced IBRS
[    0.689927] Spectre V2 : Spectre v2 / SpectreRSB mitigation: Filling RSB on context switch
[    0.696856] Speculative Store Bypass: Vulnerable
[    0.725024] Freeing SMP alternatives memory: 36K
[    0.782377] ftrace: allocating 32380 entries in 127 pages
[    1.153950] smpboot: APIC(0) Converting physical 0 to logical package 0
[    1.158532] smpboot: Max logical packages: 1
[    1.170921] ..TIMER: vector=0x30 apic1=0 pin1=2 apic2=-1 pin2=-1
[    1.283513] smpboot: CPU0: Intel(R) Core(TM) i7-8565U CPU @ 1.80GHz (family: 0x6, model: 0x8e, stepping: 0xc)
[    1.290428] Performance Events: unsupported p6 CPU model 142 no PMU driver, software events only.
[    1.352393] KVM setup paravirtual spinlock
[    1.357287] x86: Booting SMP configuration:
[    1.360086] .... node  #0, CPUs:      #1
[    1.363469] kvm-clock: cpu 1, msr 0:7ffe3041, secondary cpu clock
[    1.368075] mce: CPU supports 0 MCE banks
[    1.371504] TSC synchronization [CPU#0 -> CPU#1]:
[    1.374513] Measured 36810 cycles TSC warp between CPUs, turning off TSC clock.
[    1.380176] tsc: Marking TSC unstable due to check_tsc_sync_source failed
[    0.408858] x86: Booted up 1 node, 2 CPUs
[    0.412002] smpboot: Total of 2 processors activated (7968.02 BogoMIPS)
[    0.420138] devtmpfs: initialized
[    0.424702] evm: security.selinux
[    0.427074] evm: security.SMACK64
[    0.428003] evm: security.SMACK64EXEC
[    0.430190] evm: security.SMACK64TRANSMUTE
[    0.432001] evm: security.SMACK64MMAP
[    0.434177] evm: security.ima
[    0.436001] evm: security.capability
[    0.440157] clocksource: jiffies: mask: 0xffffffff max_cycles: 0xffffffff, max_idle_ns: 7645041785100000 ns
[    0.444016] futex hash table entries: 512 (order: 3, 32768 bytes)
[    0.448244] pinctrl core: initialized pinctrl subsystem
[    0.452239] RTC time:  9:26:42, date: 10/06/21
[    0.456682] NET: Registered protocol family 16
[    0.472005] cpuidle: using governor ladder
[    0.484005] cpuidle: using governor menu
[    0.486970] PCCT header not found.
[    0.488039] ACPI: bus type PCI registered
[    0.490366] acpiphp: ACPI Hot Plug PCI Controller Driver version: 0.5
[    0.496168] PCI: Using configuration type 1 for base access
[    0.516173] ACPI: Added _OSI(Module Device)
[    0.520002] ACPI: Added _OSI(Processor Device)
[    0.522725] ACPI: Added _OSI(3.0 _SCP Extensions)
[    0.524002] ACPI: Added _OSI(Processor Aggregator Device)
[    0.528873] ACPI: Executed 1 blocks of module-level executable AML code
[    0.537909] ACPI: Interpreter enabled
[    0.540009] ACPI: (supports S0 S5)
[    0.542258] ACPI: Using IOAPIC for interrupt routing
[    0.544258] PCI: Using host bridge windows from ACPI; if necessary, use "pci=nocrs" and report a bug
[    0.554938] ACPI: PCI Root Bridge [PCI0] (domain 0000 [bus 00-ff])
[    0.556011] acpi PNP0A03:00: _OSC: OS supports [ASPM ClockPM Segments MSI]
[    0.560696] acpi PNP0A03:00: _OSC: not requesting OS control; OS requires [ExtendedConfig ASPM ClockPM MSI]
[    0.564016] acpi PNP0A03:00: fail to add MMCONFIG information, can't access extended PCI configuration space under this bridge.
[    0.568595] PCI host bridge to bus 0000:00
[    0.572005] pci_bus 0000:00: root bus resource [io  0x0000-0x0cf7 window]
[    0.576007] pci_bus 0000:00: root bus resource [io  0x0d00-0xffff window]
[    0.580003] pci_bus 0000:00: root bus resource [mem 0x000a0000-0x000bffff window]
[    0.584005] pci_bus 0000:00: root bus resource [mem 0x80000000-0xfdffffff window]
[    0.588006] pci_bus 0000:00: root bus resource [bus 00-ff]
[    0.597719] pci 0000:00:01.1: legacy IDE quirk: reg 0x10: [io  0x01f0-0x01f7]
[    0.600002] pci 0000:00:01.1: legacy IDE quirk: reg 0x14: [io  0x03f6]
[    0.604002] pci 0000:00:01.1: legacy IDE quirk: reg 0x18: [io  0x0170-0x0177]
[    0.608002] pci 0000:00:01.1: legacy IDE quirk: reg 0x1c: [io  0x0376]
[    0.670271] pci 0000:00:07.0: quirk: [io  0x4000-0x403f] claimed by PIIX4 ACPI
[    0.684026] pci 0000:00:07.0: quirk: [io  0x4100-0x410f] claimed by PIIX4 SMB
[    0.705960] ACPI: PCI Interrupt Link [LNKA] (IRQs 5 9 10 *11)
[    0.718460] ACPI: PCI Interrupt Link [LNKB] (IRQs 5 9 *10 11)
[    0.748134] ACPI: PCI Interrupt Link [LNKC] (IRQs 5 *9 10 11)
[    0.760135] ACPI: PCI Interrupt Link [LNKD] (IRQs 5 9 10 *11)
[    0.769912] ACPI: Enabled 2 GPEs in block 00 to 07
[    0.776174] vgaarb: setting as boot device: PCI:0000:00:02.0
[    0.779804] vgaarb: device added: PCI:0000:00:02.0,decodes=io+mem,owns=io+mem,locks=none
[    0.788002] vgaarb: loaded
[    0.792001] vgaarb: bridge control possible 0000:00:02.0
[    0.800371] SCSI subsystem initialized
[    0.804096] ACPI: bus type USB registered
[    0.808015] usbcore: registered new interface driver usbfs
[    0.812022] usbcore: registered new interface driver hub
[    0.820007] usbcore: registered new device driver usb
[    0.824200] PCI: Using ACPI for IRQ routing
[    0.832636] NetLabel: Initializing
[    0.836001] NetLabel:  domain hash size = 128
[    0.840001] NetLabel:  protocols = UNLABELED CIPSOv4
[    0.844010] NetLabel:  unlabeled traffic allowed by default
[    0.848065] amd_nb: Cannot enumerate AMD northbridges
[    0.852201] clocksource: Switched to clocksource kvm-clock
[    0.881734] AppArmor: AppArmor Filesystem Enabled
[    0.885531] pnp: PnP ACPI init
[    0.888864] pnp: PnP ACPI: found 3 devices
[    0.898428] clocksource: acpi_pm: mask: 0xffffff max_cycles: 0xffffff, max_idle_ns: 2085701024 ns
[    0.904670] NET: Registered protocol family 2
[    0.908683] TCP established hash table entries: 16384 (order: 5, 131072 bytes)
[    0.914102] TCP bind hash table entries: 16384 (order: 6, 262144 bytes)
[    0.919388] TCP: Hash tables configured (established 16384 bind 16384)
[    0.924415] UDP hash table entries: 1024 (order: 3, 32768 bytes)
[    0.927942] UDP-Lite hash table entries: 1024 (order: 3, 32768 bytes)
[    0.931881] NET: Registered protocol family 1
[    0.934384] pci 0000:00:00.0: Limiting direct PCI/PCI transfers
[    0.935655] pci 0000:00:01.0: Activating ISA DMA hang workarounds
[    0.935655] Unpacking initramfs...
[    1.269752] Freeing initrd memory: 14888K
[    1.273480] clocksource: tsc: mask: 0xffffffffffffffff max_cycles: 0x396d5dac02a, max_idle_ns: 881590811122 ns
[    1.280230] platform rtc_cmos: registered platform RTC device (no PNP device found)
[    1.286734] Scanning for low memory corruption every 60 seconds
[    1.292577] audit: initializing netlink subsys (disabled)
[    1.296903] audit: type=2000 audit(1633512408.392:1): initialized
[    1.301178] Initialise system trusted keyring
[    1.304694] HugeTLB registered 2 MB page size, pre-allocated 0 pages
[    1.311968] zbud: loaded
[    1.315483] VFS: Disk quotas dquot_6.6.0
[    1.318458] VFS: Dquot-cache hash table entries: 512 (order 0, 4096 bytes)
[    1.323104] squashfs: version 4.0 (2009/01/31) Phillip Lougher
[    1.327657] fuse init (API version 7.23)
[    1.330623] Key type big_key registered
[    1.333485] Allocating IMA MOK and blacklist keyrings.
[    1.341889] Key type asymmetric registered
[    1.345322] Asymmetric key parser 'x509' registered
[    1.348610] Block layer SCSI generic (bsg) driver version 0.4 loaded (major 249)
[    1.353404] io scheduler noop registered
[    1.356481] io scheduler deadline registered (default)
[    1.359752] io scheduler cfq registered
[    1.362567] pci_hotplug: PCI Hot Plug PCI Core version: 0.5
[    1.366311] pciehp: PCI Express Hot Plug Controller Driver version: 0.4
[    1.370644] ACPI: AC Adapter [AC] (on-line)
[    1.373589] input: Power Button as /devices/LNXSYSTM:00/LNXPWRBN:00/input/input0
[    1.379093] ACPI: Power Button [PWRF]
[    1.382089] input: Sleep Button as /devices/LNXSYSTM:00/LNXSLPBN:00/input/input1
[    1.386888] ACPI: Sleep Button [SLPF]
[    1.389864] GHES: HEST is not enabled!
[    1.391150] ACPI: Battery Slot [BAT0] (battery present)
[    1.397198] Serial: 8250/16550 driver, 32 ports, IRQ sharing enabled
[    1.426703] 00:02: ttyS0 at I/O 0x3f8 (irq = 4, base_baud = 115200) is a 16550A
[    1.433717] Linux agpgart interface v0.103
[    1.441567] loop: module loaded
[    1.446313] scsi host0: ata_piix
[    1.450091] scsi host1: ata_piix
[    1.452565] ata1: PATA max UDMA/33 cmd 0x1f0 ctl 0x3f6 bmdma 0xd000 irq 14
[    1.456904] ata2: PATA max UDMA/33 cmd 0x170 ctl 0x376 bmdma 0xd008 irq 15
[    1.461581] libphy: Fixed MDIO Bus: probed
[    1.464644] tun: Universal TUN/TAP device driver, 1.6
[    1.467845] tun: (C) 1999-2004 Max Krasnyansky <maxk@qualcomm.com>
[    1.471854] PPP generic driver version 2.4.2
[    1.474970] ehci_hcd: USB 2.0 'Enhanced' Host Controller (EHCI) Driver
[    1.479157] ehci-pci: EHCI PCI platform driver
[    1.482311] ehci-platform: EHCI generic platform driver
[    1.485768] ohci_hcd: USB 1.1 'Open' Host Controller (OHCI) Driver
[    1.489725] ohci-pci: OHCI PCI platform driver
[    1.492761] ohci-platform: OHCI generic platform driver
[    1.496209] uhci_hcd: USB Universal Host Controller Interface driver
[    1.500288] i8042: PNP: PS/2 Controller [PNP0303:PS2K,PNP0f03:PS2M] at 0x60,0x64 irq 1,12
[    1.508273] serio: i8042 KBD port at 0x60,0x64 irq 1
[    1.512018] serio: i8042 AUX port at 0x60,0x64 irq 12
[    1.515440] mousedev: PS/2 mouse device common for all mice
[    1.520369] input: AT Translated Set 2 keyboard as /devices/platform/i8042/serio0/input/input2
[    1.527634] rtc_cmos rtc_cmos: rtc core: registered rtc_cmos as rtc0
[    1.531852] rtc_cmos rtc_cmos: alarms up to one day, 114 bytes nvram
[    1.535753] i2c /dev entries driver
[    1.537834] device-mapper: uevent: version 1.0.3
[    1.540695] device-mapper: ioctl: 4.34.0-ioctl (2015-10-28) initialised: dm-devel@redhat.com
[    1.545891] ledtrig-cpu: registered to indicate activity on CPUs
[    1.551449] NET: Registered protocol family 10
[    1.554839] NET: Registered protocol family 17
[    1.557773] Key type dns_resolver registered
[    1.562117] registered taskstats version 1
[    1.565094] Loading compiled-in X.509 certificates
[    1.568820] Loaded X.509 cert 'Build time autogenerated kernel key: cf00e047681d67edb2720680708b7d9498083038'
[    1.576188] zswap: loaded using pool lzo/zbud
[    1.583095] Key type trusted registered
[    1.591892] Key type encrypted registered
[    1.594735] AppArmor: AppArmor sha1 policy hashing enabled
[    1.598596] ima: No TPM chip found, activating TPM-bypass!
[    1.602564] ima: Allocated hash algorithm: sha1
[    1.605663] evm: HMAC attrs: 0x1
[    1.609016]   Magic number: 9:801:423
[    1.612968] rtc_cmos rtc_cmos: setting system clock to 2021-10-06 09:26:43 UTC (1633512403)
[    1.667320] BIOS EDD facility v0.16 2004-Jun-25, 0 devices found
[    1.672133] EDD information not available.
[    1.676106] Freeing unused kernel memory: 1492K
[    1.679435] Write protecting the kernel read-only data: 14336k
[    1.684151] Freeing unused kernel memory: 1584K
[    1.687344] Freeing unused kernel memory: 52K
Loading, please wait...
starting version 229
[    1.710522] random: systemd-udevd: uninitialized urandom read (16 bytes read, 5 bits of entropy available)
[    1.711134] random: udevadm: uninitialized urandom read (16 bytes read, 5 bits of entropy available)
[    1.711147] random: udevadm: uninitialized urandom read (16 bytes read, 5 bits of entropy available)
[    1.719498] random: udevadm: uninitialized urandom read (16 bytes read, 5 bits of entropy available)
[    1.719521] random: udevadm: uninitialized urandom read (16 bytes read, 5 bits of entropy available)
[    1.719654] random: udevadm: uninitialized urandom read (16 bytes read, 5 bits of entropy available)
[    1.719718] random: udevadm: uninitialized urandom read (16 bytes read, 5 bits of entropy available)
[    1.719748] random: udevadm: uninitialized urandom read (16 bytes read, 5 bits of entropy available)
[    1.719774] random: udevadm: uninitialized urandom read (16 bytes read, 5 bits of entropy available)
[    1.719826] random: udevadm: uninitialized urandom read (16 bytes read, 5 bits of entropy available)
[    1.803943] Fusion MPT base driver 3.04.20
[    1.808273] Copyright (c) 1999-2008 LSI Corporation
[    1.814849] e1000: Intel(R) PRO/1000 Network Driver - version 7.3.21-k8-NAPI
[    1.820667] e1000: Copyright (c) 1999-2006 Intel Corporation.
[    1.848468] Fusion MPT SPI Host driver 3.04.20
[    2.068315] input: ImExPS/2 Generic Explorer Mouse as /devices/platform/i8042/serio1/input/input4
[    2.395265] e1000 0000:00:03.0 eth0: (PCI:33MHz:32-bit) 02:a0:46:b5:71:eb
[    2.400982] e1000 0000:00:03.0 eth0: Intel(R) PRO/1000 Network Connection
[    2.406933] mptbase: ioc0: Initiating bringup
[    2.474019] ioc0: LSI53C1030 A0: Capabilities={Initiator}
[    2.647888] scsi host2: ioc0: LSI53C1030 A0, FwRev=00000000h, Ports=1, MaxQ=256, IRQ=20
[    2.766370] scsi 2:0:0:0: Direct-Access     VBOX     HARDDISK         1.0  PQ: 0 ANSI: 5
[    2.773739] scsi target2:0:0: Beginning Domain Validation
[    2.785064] scsi target2:0:0: Domain Validation skipping write tests
[    2.789581] scsi target2:0:0: Ending Domain Validation
[    2.792691] scsi target2:0:0: asynchronous
[    2.800669] scsi 2:0:1:0: Direct-Access     VBOX     HARDDISK         1.0  PQ: 0 ANSI: 5
[    2.806986] scsi target2:0:1: Beginning Domain Validation
[    2.821292] scsi target2:0:1: Domain Validation skipping write tests
[    2.826609] scsi target2:0:1: Ending Domain Validation
[    2.830259] scsi target2:0:1: asynchronous
[    2.848922] sd 2:0:0:0: Attached scsi generic sg0 type 0
[    2.854139] sd 2:0:0:0: [sda] 83886080 512-byte logical blocks: (42.9 GB/40.0 GiB)
[    2.859502] sd 2:0:1:0: Attached scsi generic sg1 type 0
[    2.868323] sd 2:0:1:0: [sdb] 20480 512-byte logical blocks: (10.5 MB/10.0 MiB)
[    2.874309] sd 2:0:0:0: [sda] Write Protect is off
[    2.893423] sd 2:0:0:0: [sda] Incomplete mode parameter data
[    2.898388] sd 2:0:0:0: [sda] Assuming drive cache: write through
[    2.902278] sd 2:0:1:0: [sdb] Write Protect is off
[    2.906052] sd 2:0:1:0: [sdb] Incomplete mode parameter data
[    2.909724] sd 2:0:1:0: [sdb] Assuming drive cache: write through
[    2.917008]  sda: sda1
[    2.923103] sd 2:0:0:0: [sda] Attached SCSI disk
[    2.926970] sd 2:0:1:0: [sdb] Attached SCSI disk
[    3.328461] e1000 0000:00:08.0 eth1: (PCI:33MHz:32-bit) 08:00:27:1c:38:31
[    3.333494] e1000 0000:00:08.0 eth1: Intel(R) PRO/1000 Network Connection
[    3.339177] e1000 0000:00:03.0 enp0s3: renamed from eth0
[    3.352621] e1000 0000:00:08.0 enp0s8: renamed from eth1
Begin: Loading essential drivers ... [    4.825572] md: linear personality registered for level -1
[    4.835204] md: multipath personality registered for level -4
[    4.842545] md: raid0 personality registered for level 0
[    4.857950] md: raid1 personality registered for level 1
[    5.151704] raid6: sse2x1   gen() 54521 MB/s
[    7.153621] raid6: sse2x1   xor() 135357 MB/s
[    9.148269] raid6: sse2x2   gen() 282166 MB/s
[   10.215745] raid6: sse2x2   xor() 11341 MB/s
[   11.146859] raid6: sse2x4   gen() 270625 MB/s
[   11.224632] raid6: sse2x4   xor() 12025 MB/s
[   11.227818] raid6: using algorithm sse2x2 gen() 282166 MB/s
[   11.231304] raid6: .... xor() 11341 MB/s, rmw enabled
[   11.235122] raid6: using ssse3x2 recovery algorithm
[   11.241031] xor: measuring software checksum speed
[   11.284050]    prefetch64-sse: 21441.000 MB/sec
[   11.324159]    generic_sse: 22156.000 MB/sec
[   11.327452] xor: using function: generic_sse (22156.000 MB/sec)
[   11.333338] async_tx: api initialized (async)
[   11.366183] md: raid6 personality registered for level 6
[   11.370841] md: raid5 personality registered for level 5
[   11.374176] md: raid4 personality registered for level 4
[   11.393519] md: raid10 personality registered for level 10
done.
Begin: Running /scripts/init-premount ... done.
Begin: Mounting root file system ... Begin: Running /scripts/local-top ... done.
Begin: Running /scripts/local-premount ... [   11.454547] Btrfs loaded
Scanning for Btrfs filesystems
done.
Warning: fsck not present, so skipping root file system
[   11.528514] EXT4-fs (sda1): mounted filesystem with ordered data mode. Opts: (null)
done.
Begin: Running /scripts/local-bottom ... done.
Begin: Running /scripts/init-bottom ... done.
[   11.667544] systemd[1]: systemd 229 running in system mode. (+PAM +AUDIT +SELINUX +IMA +APPARMOR +SMACK +SYSVINIT +UTMP +LIBCRYPTSETUP +GCRYPT +GNUTLS +ACL +XZ -LZ4 +SECCOMP +BLKID +ELFUTILS +KMOD -IDN)
[   11.679567] systemd[1]: Detected virtualization oracle.
[   11.683436] systemd[1]: Detected architecture x86-64.

Welcome to [1mUbuntu 16.04.7 LTS[0m!

[   11.695033] systemd[1]: Set hostname to <ubuntu>.
[   11.704611] systemd[1]: Initializing machine ID from random generator.
[   11.708904] systemd[1]: Installed transient /etc/machine-id file.
[   11.872756] systemd[1]: Started Forward Password Requests to Wall Directory Watch.
[[0;32m  OK  [0m] Started Forward Password Requests to Wall Directory Watch.
[   11.882864] systemd[1]: Listening on Journal Audit Socket.
[[0;32m  OK  [0m] Listening on Journal Audit Socket.
[   11.890216] systemd[1]: Listening on fsck to fsckd communication Socket.
[[0;32m  OK  [0m] Listening on fsck to fsckd communication Socket.
[   11.898363] systemd[1]: Set up automount Arbitrary Executable File Formats File System Automount Point.
[[0;32m  OK  [0m] Set up automount Arbitrary Executab...ats File System Automount Point.
[   11.909265] systemd[1]: Listening on Journal Socket.
[[0;32m  OK  [0m] Listening on Journal Socket.
[   11.915967] systemd[1]: Listening on LVM2 metadata daemon socket.
[[0;32m  OK  [0m] Listening on LVM2 metadata daemon socket.
[   11.922282] systemd[1]: Listening on LVM2 poll daemon socket.
[[0;32m  OK  [0m] Listening on LVM2 poll daemon socket.
[   11.929720] systemd[1]: Listening on udev Kernel Socket.
[[0;32m  OK  [0m] Listening on udev Kernel Socket.
[   11.937043] systemd[1]: Started Trigger resolvconf update for networkd DNS.
[[0;32m  OK  [0m] Started Trigger resolvconf update for networkd DNS.
[   11.945565] systemd[1]: Created slice User and Session Slice.
[[0;32m  OK  [0m] Created slice User and Session Slice.
[   11.952984] systemd[1]: Listening on Syslog Socket.
[[0;32m  OK  [0m] Listening on Syslog Socket.
[   11.959878] systemd[1]: Listening on Journal Socket (/dev/log).
[[0;32m  OK  [0m] Listening on Journal Socket (/dev/log).
[   11.967351] systemd[1]: Listening on udev Control Socket.
[[0;32m  OK  [0m] Listening on udev Control Socket.
[   11.974700] systemd[1]: Reached target Encrypted Volumes.
[[0;32m  OK  [0m] Reached target Encrypted Volumes.
[   11.982008] systemd[1]: Listening on /dev/initctl Compatibility Named Pipe.
[[0;32m  OK  [0m] Listening on /dev/initctl Compatibility Named Pipe.
[   11.990438] systemd[1]: Reached target Swap.
[[0;32m  OK  [0m] Reached target Swap.
[   11.996853] systemd[1]: Reached target System Time Synchronized.
[[0;32m  OK  [0m] Reached target System Time Synchronized.
[   12.004458] systemd[1]: Reached target User and Group Name Lookups.
[[0;32m  OK  [0m] Reached target User and Group Name Lookups.
[   12.012025] systemd[1]: Created slice System Slice.
[[0;32m  OK  [0m] Created slice System Slice.
[   12.029239] systemd[1]: Starting Journal Service...
         Starting Journal Service...
[   12.038559] systemd[1]: Reached target Slices.
[[0;32m  OK  [0m] Reached target Slices.
[   12.048781] systemd[1]: Created slice system-serial\x2dgetty.slice.
[[0;32m  OK  [0m] Created slice system-serial\x2dgetty.slice.
[   12.057349] systemd[1]: Starting Nameserver information manager...
         Starting Nameserver information manager...
[   12.069064] systemd[1]: Starting Set console keymap...
         Starting Set console keymap...
[   12.080812] systemd[1]: Mounting POSIX Message Queue File System...
         Mounting POSIX Message Queue File System...
[   12.091230] systemd[1]: Mounting Debug File System...
         Mounting Debug File System...
[   12.101158] systemd[1]: Starting Create list of required static device nodes for the current kernel...
         Starting Create list of required st... nodes for the current kernel...
[   12.116929] systemd[1]: Starting Load Kernel Modules...
         Starting Load Kernel Modules...
[   12.129799] systemd[1]: Mounting Huge Pages File System...
         Mounting Huge Pages File System...
[   12.138599] systemd[1]: Starting File System Check on Root Device...
[   12.139312] Loading iSCSI transport class v2.0-870.
         Starting File System Check on Root Device...
[   12.154469] systemd[1]: Starting Uncomplicated firewall...
[   12.161106] systemd[1]: Listening on Device-mapper event daemon FIFOs.
         Starting Uncomplicated firewall...
[   12.168853] iscsi: registered transport (tcp)
[[0;32m  OK  [0m] Listening on Device-mapper event daemon FIFOs.
[   12.175380] systemd[1]: Starting Monitoring of LVM2 mirrors, snapshots etc. using dmeventd or progress polling...
         Starting Monitoring of LVM2 mirrors... dmeventd or progress polling...
[   12.209663] systemd[1]: Mounted POSIX Message Queue File System.
[[0;32m  OK  [0m] Mounted POSIX Message Queue File System.
[   12.217323] systemd[1]: Mounted Huge Pages File System.
[[0;32m  OK  [0m] Mounted Huge Pages File System.
[   12.225467] systemd[1]: Mounted Debug File System.
[[0;32m  OK  [0m] Mounted Debug File System.
[   12.232819] systemd[1]: Started Journal Service.
[[0;32m  OK  [0m] Started Journal Service.
[[0;32m  OK  [0m] Started Set console keymap.
[[0;32m  OK  [0m] Started Create list of required sta...ce nodes for the current kernel.
[[0;32m  OK  [0m] Started File System Check on Root Device.
[[0;32m  OK  [0m] Started Uncomplicated firewall.
[   12.272094] iscsi: registered transport (iser)
[[0;32m  OK  [0m] Started Nameserver information manager.
[[0;32m  OK  [0m] Started Load Kernel Modules.
[[0;32m  OK  [0m] Started LVM2 metadata daemon.
[[0;32m  OK  [0m] Started File System Check Daemon to report status.
         Mounting FUSE Control File System...
         Starting Apply Kernel Variables...
         Starting Remount Root and Kernel File Systems...
         Starting Create Static Device Nodes in /dev...
[[0;32m  OK  [0m] Mounted FUSE Control File System.
[[0;32m  OK  [0m] Started Apply Kernel Variables.
[[0;32m  OK  [0m] Started Remount Root and Kernel File Systems.
[[0;32m  OK  [0m] Started Create Static Device Nodes in /dev.
         Starting udev Kernel Device Manager...
         Starting udev Coldplug all Devices...
         Starting Flush Journal to Persistent Storage...
         Starting Load/Save Random Seed...
[[0;32m  OK  [0m] Started udev Kernel Device Manager.
[[0;32m  OK  [0m] Started Load/Save Random Seed.
[[0;32m  OK  [0m] Started Flush Journal to Persistent Storage.
[[0;32m  OK  [0m] Started udev Coldplug all Devices.
[[0;32m  OK  [0m] Started Dispatch Password Requests to Console Directory Watch.
[[0;32m  OK  [0m] Found device /dev/ttyS0.
[[0;32m  OK  [0m] Listening on Load/Save RF Kill Switch Status /dev/rfkill Watch.
[[0;32m  OK  [0m] Started Monitoring of LVM2 mirrors,...ng dmeventd or progress polling.
[[0;32m  OK  [0m] Reached target Local File Systems (Pre).
[[0;32m  OK  [0m] Reached target Local File Systems.
         Starting Create Volatile Files and Directories...
         Starting Tell Plymouth To Write Out Runtime Data...
         Starting Set console font and keymap...
         Starting LSB: AppArmor initialization...
         Starting Initial cloud-init job (pre-networking)...
         Starting Commit a transient machine-id on disk...
[[0;32m  OK  [0m] Started Create Volatile Files and Directories.
[[0;32m  OK  [0m] Started Tell Plymouth To Write Out Runtime Data.
[[0;32m  OK  [0m] Started Commit a transient machine-id on disk.
         Starting Update UTMP about System Boot/Shutdown...
[[0;32m  OK  [0m] Started Update UTMP about System Boot/Shutdown.
[[0;32m  OK  [0m] Started Set console font and keymap.
[[0;32m  OK  [0m] Created slice system-getty.slice.
[   14.684673] cloud-init[607]: Cloud-init v. 21.1-19-gbad84ad4-0ubuntu1~16.04.2 running 'init-local' at Wed, 06 Oct 2021 09:26:56 +0000. Up 14.24 seconds.
[[0;32m  OK  [0m] Started LSB: AppArmor initialization.
[[0;32m  OK  [0m] Started Initial cloud-init job (pre-networking).
[[0;32m  OK  [0m] Reached target Network (Pre).
         Starting Load AppArmor profiles managed internally by snapd...
         Starting Raise network interfaces...
[[0;32m  OK  [0m] Started Load AppArmor profiles managed internally by snapd.
[[0;32m  OK  [0m] Started Raise network interfaces.
         Starting Initial cloud-init job (metadata service crawler)...
[[0;32m  OK  [0m] Reached target Network.
[   15.603709] cloud-init[937]: Cloud-init v. 21.1-19-gbad84ad4-0ubuntu1~16.04.2 running 'init' at Wed, 06 Oct 2021 09:26:57 +0000. Up 15.17 seconds.
[   15.607955] cloud-init[937]: ci-info: ++++++++++++++++++++++++++++++++++++++Net device info+++++++++++++++++++++++++++++++++++++++
[   15.611540] cloud-init[937]: ci-info: +--------+-------+----------------------------+---------------+--------+-------------------+
[   15.615560] cloud-init[937]: ci-info: | Device |   Up  |          Address           |      Mask     | Scope  |     Hw-Address    |
[   15.619431] cloud-init[937]: ci-info: +--------+-------+----------------------------+---------------+--------+-------------------+
[   15.623148] cloud-init[937]: ci-info: | enp0s3 |  True |         10.0.2.15          | 255.255.255.0 | global | 02:a0:46:b5:71:eb |
[   15.626924] cloud-init[937]: ci-info: | enp0s3 |  True | fe80::a0:46ff:feb5:71eb/64 |       .       |  link  | 02:a0:46:b5:71:eb |
[   15.630724] cloud-init[937]: ci-info: | enp0s8 | False |             .              |       .       |   .    | 08:00:27:1c:38:31 |
[   15.634359] cloud-init[937]: ci-info: |   lo   |  True |         127.0.0.1          |   255.0.0.0   |  host  |         .         |
[   15.638035] cloud-init[937]: ci-info: |   lo   |  True |          ::1/128           |       .       |  host  |         .         |
[   15.641737] cloud-init[937]: ci-info: +--------+-------+----------------------------+---------------+--------+-------------------+
[   15.645467] cloud-init[937]: ci-info: +++++++++++++++++++++++++++Route IPv4 info++++++++++++++++++++++++++++
[   15.648779] cloud-init[937]: ci-info: +-------+-------------+----------+---------------+-----------+-------+
[   15.652059] cloud-init[937]: ci-info: | Route | Destination | Gateway  |    Genmask    | Interface | Flags |
[   15.655434] cloud-init[937]: ci-info: +-------+-------------+----------+---------------+-----------+-------+
[   15.658807] cloud-init[937]: ci-info: |   0   |   0.0.0.0   | 10.0.2.2 |    0.0.0.0    |   enp0s3  |   UG  |
[   15.662209] cloud-init[937]: ci-info: |   1   |   10.0.2.0  | 0.0.0.0  | 255.255.255.0 |   enp0s3  |   U   |
[   15.665470] cloud-init[937]: ci-info: +-------+-------------+----------+---------------+-----------+-------+
[   15.668817] cloud-init[937]: ci-info: +++++++++++++++++++Route IPv6 info+++++++++++++++++++
[   15.671684] cloud-init[937]: ci-info: +-------+-------------+---------+-----------+-------+
[   15.674803] cloud-init[937]: ci-info: | Route | Destination | Gateway | Interface | Flags |
[   15.677866] cloud-init[937]: ci-info: +-------+-------------+---------+-----------+-------+
[   15.680759] cloud-init[937]: ci-info: |   0   |  fe80::/64  |    ::   |   enp0s3  |   U   |
[   15.683545] cloud-init[937]: ci-info: |   3   |   ff00::/8  |    ::   |   enp0s3  |   U   |
[   15.686447] cloud-init[937]: ci-info: +-------+-------------+---------+-----------+-------+
[   15.689260] cloud-init[937]: Generating public/private rsa key pair.
[   15.691734] cloud-init[937]: Your identification has been saved in /etc/ssh/ssh_host_rsa_key.
[   15.694797] cloud-init[937]: Your public key has been saved in /etc/ssh/ssh_host_rsa_key.pub.
[   15.697739] cloud-init[937]: The key fingerprint is:
[   15.699981] cloud-init[937]: SHA256:fL0f8MKZ8BGXSb8ZnxfkBRW7+Bxybz9twmLahA7eTlA root@ubuntu-xenial
[   15.703071] cloud-init[937]: The key's randomart image is:
[   15.705466] cloud-init[937]: +---[RSA 2048]----+
[   15.706276] cloud-init[937]: |              o=+|
[   15.706609] cloud-init[937]: |             .o+o|
[   15.706828] cloud-init[937]: |          E . +=.|
[   15.707067] cloud-init[937]: |       . . . o. O|
[   15.707288] cloud-init[937]: |        S o +o Bo|
[   15.707516] cloud-init[937]: |         o = B= +|
[   15.707760] cloud-init[937]: |        . o O.oo+|
[   15.708013] cloud-init[937]: |       . = oooo++|
[   15.708509] cloud-init[937]: |        ..=o...oo|
[   15.708726] cloud-init[937]: +----[SHA256]-----+
[   15.708966] cloud-init[937]: Generating public/private dsa key pair.
[   15.709213] cloud-init[937]: Your identification has been saved in /etc/ssh/ssh_host_dsa_key.
[   15.709435] cloud-init[937]: Your public key has been saved in /etc/ssh/ssh_host_dsa_key.pub.
[   15.709672] cloud-init[937]: The key fingerprint is:
[   15.709928] cloud-init[937]: SHA256:SzURnFUWCBTPZ7O/sJcUgrDgBx8LHwqLZq+k0mrN5pU root@ubuntu-xenial
[   15.710155] cloud-init[937]: The key's randomart image is:
[   15.710400] cloud-init[937]: +---[DSA 1024]----+
[   15.710651] cloud-init[937]: |         o**.o+. |
[   15.710899] cloud-init[937]: |     . + +o+..   |
[   15.711145] cloud-init[937]: |    . + B O + +  |
[   15.711363] cloud-init[937]: |   + . o B o + + |
[   15.711592] cloud-init[937]: |  o .   S     o .|
[   15.711851] cloud-init[937]: |   . ... .     o |
[   15.712192] cloud-init[937]: | .= .E  .    .. o|
[   15.712338] cloud-init[937]: |.o.=.         oo.|
[   15.712564] cloud-init[937]: |+.o.         ... |
[   15.712842] cloud-init[937]: +----[SHA256]-----+
[   15.713073] cloud-init[937]: Generating public/private ecdsa key pair.
[   15.713321] cloud-init[937]: Your identification has been saved in /etc/ssh/ssh_host_ecdsa_key.
[   15.713548] cloud-init[937]: Your public key has been saved in /etc/ssh/ssh_host_ecdsa_key.pub.
[   15.713806] cloud-init[937]: The key fingerprint is:
[   15.714035] cloud-init[937]: SHA256:pmwGtbmJkfQDEnXT4Gb1EJjtQoTjtrXvaOFD7Tf5aAU root@ubuntu-xenial
[   15.714286] cloud-init[937]: The key's randomart image is:
[   15.714518] cloud-init[937]: +---[ECDSA 256]---+
[   15.714770] cloud-init[937]: |  ...o=*+.       |
[   15.715002] cloud-init[937]: |   .oo+ooo       |
[   15.715276] cloud-init[937]: |  ..oo=.  .      |
[   15.715502] cloud-init[937]: |   ooBoo. E      |
[   15.715763] cloud-init[937]: |   .+o=+S  .     |
[   15.715986] cloud-init[937]: |    .=+*.   .    |
[   15.716511] cloud-init[937]: |    .oB+   o     |
[   15.716748] cloud-init[937]: |     o+.o =.     |
[   15.716974] cloud-init[937]: |     ..o.o.o.    |
[   15.717220] cloud-init[937]: +----[SHA256]-----+
[   15.717442] cloud-init[937]: Generating public/private ed25519 key pair.
[   15.717712] cloud-init[937]: Your identification has been saved in /etc/ssh/ssh_host_ed25519_key.
[   15.717953] cloud-init[937]: Your public key has been saved in /etc/ssh/ssh_host_ed25519_key.pub.
[   15.718201] cloud-init[937]: The key fingerprint is:
[   15.718428] cloud-init[937]: SHA256:KTKKxvQru0X3V6Vy1C5IQzlQPDgG/cs0g5alpV8S4SU root@ubuntu-xenial
[   15.718681] cloud-init[937]: The key's randomart image is:
[   15.718922] cloud-init[937]: +--[ED25519 256]--+
[   15.719168] cloud-init[937]: |     .o.=Eo.     |
[   15.719390] cloud-init[937]: |       =oOo .    |
[   15.719647] cloud-init[937]: |      . X++. o   |
[   15.719863] cloud-init[937]: |       *.B+.+    |
[   15.720413] cloud-init[937]: | . .o.o So*= .   |
[   15.720641] cloud-init[937]: |o.o..o.. ++ .    |
[   15.720864] cloud-init[937]: |.o.o   . .       |
[   15.721111] cloud-init[937]: |... .   .        |
[   15.721334] cloud-init[937]: | o+.             |
[   15.721593] cloud-init[937]: +----[SHA256]-----+
[[0;32m  OK  [0m] Started Initial cloud-init job (metadata service crawler).
[[0;32m  OK  [0m] Reached target Cloud-config availability.
[[0;32m  OK  [0m] Reached target System Initialization.
[[0;32m  OK  [0m] Listening on D-Bus System Message Bus Socket.
[[0;32m  OK  [0m] Started Daily apt download activities.
[[0;32m  OK  [0m] Listening on UUID daemon activation socket.
[[0;32m  OK  [0m] Started Message of the Day.
[[0;32m  OK  [0m] Started Daily apt upgrade and clean activities.
         Starting Socket activation for snappy daemon.
[[0;32m  OK  [0m] Started Daily Cleanup of Temporary Directories.
[[0;32m  OK  [0m] Listening on ACPID Listen Socket.
[[0;32m  OK  [0m] Started ACPI Events Check.
[[0;32m  OK  [0m] Reached target Paths.
         Starting LXD - unix socket.
[[0;32m  OK  [0m] Started Ubuntu Advantage update messaging.
[[0;32m  OK  [0m] Reached target Timers.
[[0;32m  OK  [0m] Reached target Network is Online.
         Starting iSCSI initiator daemon (iscsid)...
[[0;32m  OK  [0m] Listening on Socket activation for snappy daemon.
[[0;32m  OK  [0m] Listening on LXD - unix socket.
[[0;32m  OK  [0m] Reached target Sockets.
[[0;32m  OK  [0m] Reached target Basic System.
         Starting Login Service...
         Starting LXD - container startup/shutdown...
         Starting Pollinate to seed the pseudo random number generator...
[[0;32m  OK  [0m] Started Regular background program processing daemon.
         Starting System Logging Service...
[[0;32m  OK  [0m] Started Deferred execution scheduler.
         Starting Virtualbox guest utils...
[[0;32m  OK  [0m] Started ACPI event daemon.
         Starting LSB: Record successful boot for GRUB...
[[0;32m  OK  [0m] Started FUSE filesystem for LXC.
[[0;32m  OK  [0m] Started D-Bus System Message Bus.
         Starting Accounts Service...
         Starting /etc/rc.local Compatibility...
         Starting LSB: MD monitoring daemon...
         Starting Snap Daemon...
[[0;32m  OK  [0m] Started System Logging Service.
[[0;32m  OK  [0m] Started iSCSI initiator daemon (iscsid).
[[0;32m  OK  [0m] Started LXD - container startup/shutdown.
[[0;32m  OK  [0m] Started /etc/rc.local Compatibility.
[[0;32m  OK  [0m] Started Login Service.
[[0;32m  OK  [0m] Started Unattended Upgrades Shutdown.
         Starting Authenticate and Authorize Users to Run Privileged Tasks...
         Starting Login to default iSCSI targets...
[[0;32m  OK  [0m] Started LSB: Record successful boot for GRUB.
[[0;32m  OK  [0m] Started LSB: MD monitoring daemon.
[[0;32m  OK  [0m] Started Login to default iSCSI targets.
[[0;32m  OK  [0m] Reached target Remote File Systems (Pre).
[[0;32m  OK  [0m] Reached target Remote File Systems.
         Starting Permit User Sessions...
         Starting LSB: automatic crash report generation...
         Starting LSB: Set the CPU Frequency Scaling governor to "ondemand"...
         Starting LSB: daemon to balance interrupts for SMP systems...
[[0;32m  OK  [0m] Started Permit User Sessions.
[[0;32m  OK  [0m] Started Authenticate and Authorize Users to Run Privileged Tasks.
         Starting Hold until boot process finishes up...
         Starting Terminate Plymouth Boot Screen...
[[0;32m  OK  [0m] Started Hold until boot process finishes up.
[[0;32m  OK  [0m] Started Serial Getty on ttyS0.
[[0;32m  OK  [0m] Started Getty on tty1.
[[0;32m  OK  [0m] Reached target Login Prompts.
         Starting Set console scheme...
[[0;32m  OK  [0m] Started Terminate Plymouth Boot Screen.
[[0;32m  OK  [0m] Started Accounts Service.
[[0;32m  OK  [0m] Started Set console scheme.
[[0;32m  OK  [0m] Started LSB: Set the CPU Frequency Scaling governor to "ondemand".
[[0;32m  OK  [0m] Started LSB: automatic crash report generation.
[[0;32m  OK  [0m] Started Pollinate to seed the pseudo random number generator.
         Starting OpenBSD Secure Shell server...
[[0;32m  OK  [0m] Started LSB: daemon to balance interrupts for SMP systems.
[[0;32m  OK  [0m] Started Virtualbox guest utils.
[[0;32m  OK  [0m] Started OpenBSD Secure Shell server.
[[0;32m  OK  [0m] Started Snap Daemon.
         Starting Wait until snapd is fully seeded...
[[0;32m  OK  [0m] Started Wait until snapd is fully seeded.
         Starting Apply the settings specified in cloud-config...
[[0;32m  OK  [0m] Reached target Multi-User System.
[[0;32m  OK  [0m] Reached target Graphical Interface.
         Starting Update UTMP about System Runlevel Changes...
[[0;32m  OK  [0m] Started Update UTMP about System Runlevel Changes.
[[0;32m  OK  [0m] Created slice User Slice of vagrant.
         Starting User Manager for UID 1000...
[[0;32m  OK  [0m] Started Session 1 of user vagrant.
[[0;32m  OK  [0m] Started User Manager for UID 1000.
[   18.277813] cloud-init[1280]: Generating locales (this might take a while)...
[   19.653343] cloud-init[1280]:   en_US.UTF-8... done
[   19.657054] cloud-init[1280]: Generation complete.
[   19.976645] cloud-init[1280]: Cloud-init v. 21.1-19-gbad84ad4-0ubuntu1~16.04.2 running 'modules:config' at Wed, 06 Oct 2021 09:27:00 +0000. Up 18.17 seconds.
[[0;32m  OK  [0m] Started Apply the settings specified in cloud-config.
         Starting Execute cloud user/final scripts...
ci-info: no authorized SSH keys fingerprints found for user ubuntu.
<14>Oct  6 09:27:02 ec2: 
<14>Oct  6 09:27:02 ec2: #############################################################
<14>Oct  6 09:27:02 ec2: -----BEGIN SSH HOST KEY FINGERPRINTS-----
<14>Oct  6 09:27:02 ec2: 1024 SHA256:SzURnFUWCBTPZ7O/sJcUgrDgBx8LHwqLZq+k0mrN5pU root@ubuntu-xenial (DSA)
<14>Oct  6 09:27:02 ec2: 256 SHA256:pmwGtbmJkfQDEnXT4Gb1EJjtQoTjtrXvaOFD7Tf5aAU root@ubuntu-xenial (ECDSA)
<14>Oct  6 09:27:02 ec2: 256 SHA256:KTKKxvQru0X3V6Vy1C5IQzlQPDgG/cs0g5alpV8S4SU root@ubuntu-xenial (ED25519)
<14>Oct  6 09:27:02 ec2: 2048 SHA256:fL0f8MKZ8BGXSb8ZnxfkBRW7+Bxybz9twmLahA7eTlA root@ubuntu-xenial (RSA)
<14>Oct  6 09:27:02 ec2: -----END SSH HOST KEY FINGERPRINTS-----
<14>Oct  6 09:27:02 ec2: #############################################################
-----BEGIN SSH HOST KEY KEYS-----
ecdsa-sha2-nistp256 AAAAE2VjZHNhLXNoYTItbmlzdHAyNTYAAAAIbmlzdHAyNTYAAABBBO/H7SwtMTzVlbyP0pdpHAd8ly5CDuSiqYer87aZdDcyDELypDsloVoqW1j6xUv/YxMryQ/K794lzeNYw+7xTjM= root@ubuntu-xenial
ssh-ed25519 AAAAC3NzaC1lZDI1NTE5AAAAIEKAL2w8DSRvryot+QrxYUbpU8ENNOO06j9ZAkYkmKEK root@ubuntu-xenial
ssh-rsa AAAAB3NzaC1yc2EAAAADAQABAAABAQC0AKp6Cwwl+jZAKYLn2CK07A1D4ivsCYJHH3SvWdrkZ75HXAb+PRquK4JnqRSzNK6LAN1nOJ//VgV3+6hoh/ElxQz0e8uT3PSBwXOFAywZrTHfTIkcinK7PptNn8mn/oq6cpMlvmyM8DGk6OPV78It/TIQLUBvSckLHZqpY2L4Gmk9sl2jphdHbhGKFcqZEdkLJOpYYGvLZY2gbcA4/4s1wM1T1Sh4gCdDG+0uQj9limt4rr5wnidVt6M6vSMHuZU5ZEMuOJ8jT/BJ4Aq1fzj/OAh4LzpUhA7tq0YJAn7W3GSmuEeh8rQgHc1j3S1ssFn/c/yh72XDaiJv5QclihnN root@ubuntu-xenial
-----END SSH HOST KEY KEYS-----
[   20.401399] cloud-init[1476]: Cloud-init v. 21.1-19-gbad84ad4-0ubuntu1~16.04.2 running 'modules:final' at Wed, 06 Oct 2021 09:27:02 +0000. Up 20.23 seconds.
[   20.406369] cloud-init[1476]: ci-info: no authorized SSH keys fingerprints found for user ubuntu.
[   20.410589] cloud-init[1476]: Cloud-init v. 21.1-19-gbad84ad4-0ubuntu1~16.04.2 finished at Wed, 06 Oct 2021 09:27:02 +0000. Datasource DataSourceNoCloud [seed=/dev/sdb][dsmode=net].  Up 20.39 seconds
[[0;32m  OK  [0m] Started Execute cloud user/final scripts.
[[0;32m  OK  [0m] Reached target Cloud-init target.

Ubuntu 16.04.7 LTS ubuntu-xenial ttyS0

ubuntu-xenial login: 