[    0.000000] Initializing cgroup subsys cpuset
[    0.000000] Initializing cgroup subsys cpu
[    0.000000] Initializing cgroup subsys cpuacct
[    0.000000] Linux version 4.4.0-210-generic (buildd@lgw01-amd64-009) (gcc version 5.4.0 20160609 (Ubuntu 5.4.0-6ubuntu1~16.04.12) ) #242-Ubuntu SMP Fri Apr 16 09:57:56 UTC 2021 (Ubuntu 4.4.0-210.242-generic 4.4.262)
[    0.000000] Command line: BOOT_IMAGE=/boot/vmlinuz-4.4.0-210-generic root=LABEL=cloudimg-rootfs ro console=tty1 console=ttyS0
[    0.000000] KERNEL supported cpus:
[    0.000000]   Intel GenuineIntel
[    0.000000]   AMD AuthenticAMD
[    0.000000]   Centaur CentaurHauls
[    0.000000] x86/fpu: Legacy x87 FPU detected.
[    0.000000] e820: BIOS-provided physical RAM map:
[    0.000000] BIOS-e820: [mem 0x0000000000000000-0x000000000009fbff] usable
[    0.000000] BIOS-e820: [mem 0x000000000009fc00-0x000000000009ffff] reserved
[    0.000000] BIOS-e820: [mem 0x00000000000f0000-0x00000000000fffff] reserved
[    0.000000] BIOS-e820: [mem 0x0000000000100000-0x000000007ffeffff] usable
[    0.000000] BIOS-e820: [mem 0x000000007fff0000-0x000000007fffffff] ACPI data
[    0.000000] BIOS-e820: [mem 0x00000000fec00000-0x00000000fec00fff] reserved
[    0.000000] BIOS-e820: [mem 0x00000000fee00000-0x00000000fee00fff] reserved
[    0.000000] BIOS-e820: [mem 0x00000000fffc0000-0x00000000ffffffff] reserved
[    0.000000] NX (Execute Disable) protection: active
[    0.000000] SMBIOS 2.5 present.
[    0.000000] Hypervisor detected: KVM
[    0.000000] Kernel/User page tables isolation: disabled
[    0.000000] e820: last_pfn = 0x7fff0 max_arch_pfn = 0x400000000
[    0.000000] MTRR: Disabled
[    0.000000] x86/PAT: MTRRs disabled, skipping PAT initialization too.
[    0.000000] CPU MTRRs all blank - virtualized system.
[    0.000000] x86/PAT: Configuration [0-7]: WB  WT  UC- UC  WB  WT  UC- UC  
[    0.000000] found SMP MP-table at [mem 0x0009fff0-0x0009ffff] mapped at [ffff88000009fff0]
[    0.000000] Scanning 1 areas for low memory corruption
[    0.000000] RAMDISK: [mem 0x362dc000-0x37165fff]
[    0.000000] ACPI: Early table checksum verification disabled
[    0.000000] ACPI: RSDP 0x00000000000E0000 000024 (v02 VBOX  )
[    0.000000] ACPI: XSDT 0x000000007FFF0030 00003C (v01 VBOX   VBOXXSDT 00000001 ASL  00000061)
[    0.000000] ACPI: FACP 0x000000007FFF00F0 0000F4 (v04 VBOX   VBOXFACP 00000001 ASL  00000061)
[    0.000000] ACPI: DSDT 0x000000007FFF0470 002325 (v02 VBOX   VBOXBIOS 00000002 INTL 20100528)
[    0.000000] ACPI: FACS 0x000000007FFF0200 000040
[    0.000000] ACPI: FACS 0x000000007FFF0200 000040
[    0.000000] ACPI: APIC 0x000000007FFF0240 00005C (v02 VBOX   VBOXAPIC 00000001 ASL  00000061)
[    0.000000] ACPI: SSDT 0x000000007FFF02A0 0001CC (v01 VBOX   VBOXCPUT 00000002 INTL 20100528)
[    0.000000] No NUMA configuration found
[    0.000000] Faking a node at [mem 0x0000000000000000-0x000000007ffeffff]
[    0.000000] NODE_DATA(0) allocated [mem 0x7ffeb000-0x7ffeffff]
[    0.000000] kvm-clock: Using msrs 4b564d01 and 4b564d00
[    0.000000] kvm-clock: cpu 0, msr 0:7ffe3001, primary cpu clock
[    0.000000] kvm-clock: using sched offset of 5991171780 cycles
[    0.000000] clocksource: kvm-clock: mask: 0xffffffffffffffff max_cycles: 0x1cd42e4dffb, max_idle_ns: 881590591483 ns
[    0.000000] Zone ranges:
[    0.000000]   DMA      [mem 0x0000000000001000-0x0000000000ffffff]
[    0.000000]   DMA32    [mem 0x0000000001000000-0x000000007ffeffff]
[    0.000000]   Normal   empty
[    0.000000]   Device   empty
[    0.000000] Movable zone start for each node
[    0.000000] Early memory node ranges
[    0.000000]   node   0: [mem 0x0000000000001000-0x000000000009efff]
[    0.000000]   node   0: [mem 0x0000000000100000-0x000000007ffeffff]
[    0.000000] Initmem setup node 0 [mem 0x0000000000001000-0x000000007ffeffff]
[    0.000000] ACPI: PM-Timer IO Port: 0x4008
[    0.000000] IOAPIC[0]: apic_id 2, version 32, address 0xfec00000, GSI 0-23
[    0.000000] ACPI: INT_SRC_OVR (bus 0 bus_irq 0 global_irq 2 dfl dfl)
[    0.000000] ACPI: INT_SRC_OVR (bus 0 bus_irq 9 global_irq 9 low level)
[    0.000000] Using ACPI (MADT) for SMP configuration information
[    0.000000] smpboot: Allowing 2 CPUs, 0 hotplug CPUs
[    0.000000] PM: Registered nosave memory: [mem 0x00000000-0x00000fff]
[    0.000000] PM: Registered nosave memory: [mem 0x0009f000-0x0009ffff]
[    0.000000] PM: Registered nosave memory: [mem 0x000a0000-0x000effff]
[    0.000000] PM: Registered nosave memory: [mem 0x000f0000-0x000fffff]
[    0.000000] e820: [mem 0x80000000-0xfebfffff] available for PCI devices
[    0.000000] Booting paravirtualized kernel on KVM
[    0.000000] clocksource: refined-jiffies: mask: 0xffffffff max_cycles: 0xffffffff, max_idle_ns: 7645519600211568 ns
[    0.000000] setup_percpu: NR_CPUS:512 nr_cpumask_bits:512 nr_cpu_ids:2 nr_node_ids:1
[    0.000000] PERCPU: Embedded 33 pages/cpu @ffff88007fc00000 s95192 r8192 d31784 u1048576
[    0.000000] Built 1 zonelists in Node order, mobility grouping on.  Total pages: 515960
[    0.000000] Policy zone: DMA32
[    0.000000] Kernel command line: BOOT_IMAGE=/boot/vmlinuz-4.4.0-210-generic root=LABEL=cloudimg-rootfs ro console=tty1 console=ttyS0
[    0.000000] PID hash table entries: 4096 (order: 3, 32768 bytes)
[    0.000000] Memory: 2029984K/2096696K available (8644K kernel code, 1332K rwdata, 4044K rodata, 1492K init, 1164K bss, 66712K reserved, 0K cma-reserved)
[    0.000000] SLUB: HWalign=64, Order=0-3, MinObjects=0, CPUs=2, Nodes=1
[    0.000000] Hierarchical RCU implementation.
[    0.000000] 	Build-time adjustment of leaf fanout to 64.
[    0.000000] 	RCU restricting CPUs from NR_CPUS=512 to nr_cpu_ids=2.
[    0.000000] RCU: Adjusting geometry for rcu_fanout_leaf=64, nr_cpu_ids=2
[    0.000000] NR_IRQS:33024 nr_irqs:440 16
[    0.000000] Console: colour VGA+ 80x25
[    0.000000] console [tty1] enabled
[    0.000000] console [ttyS0] enabled
[    0.000000] tsc: Detected 1992.006 MHz processor
[    1.554716] Calibrating delay loop (skipped) preset value.. 3984.01 BogoMIPS (lpj=7968024)
[    1.574844] pid_max: default: 32768 minimum: 301
[    1.591601] ACPI: Core revision 20150930
[    1.601565] ACPI: 2 ACPI AML tables successfully acquired and loaded
[    1.625222] Security Framework initialized
[    1.637281] Yama: becoming mindful.
[    1.642977] AppArmor: AppArmor initialized
[    1.656880] Dentry cache hash table entries: 262144 (order: 9, 2097152 bytes)
[    1.694320] Inode-cache hash table entries: 131072 (order: 8, 1048576 bytes)
[    1.732859] Mount-cache hash table entries: 4096 (order: 3, 32768 bytes)
[    1.746756] Mountpoint-cache hash table entries: 4096 (order: 3, 32768 bytes)
[    1.769683] Initializing cgroup subsys io
[    1.777462] Initializing cgroup subsys memory
[    1.785349] Initializing cgroup subsys devices
[    1.794243] Initializing cgroup subsys freezer
[    1.804004] Initializing cgroup subsys net_cls
[    1.811184] Initializing cgroup subsys perf_event
[    1.826195] Initializing cgroup subsys net_prio
[    1.836143] Initializing cgroup subsys hugetlb
[    1.847501] Initializing cgroup subsys pids
[    1.860800] mce: CPU supports 0 MCE banks
[    1.868844] Last level iTLB entries: 4KB 64, 2MB 8, 4MB 8
[    1.882545] Last level dTLB entries: 4KB 64, 2MB 0, 4MB 0, 1GB 4
[    1.900421] Spectre V1 : Mitigation: usercopy/swapgs barriers and __user pointer sanitization
[    1.917979] Spectre V2 : Mitigation: Enhanced IBRS
[    1.935119] Spectre V2 : Spectre v2 / SpectreRSB mitigation: Filling RSB on context switch
[    1.964903] Speculative Store Bypass: Vulnerable
[    2.041708] Freeing SMP alternatives memory: 36K
[    2.204771] ftrace: allocating 32380 entries in 127 pages
[    3.326370] smpboot: APIC(0) Converting physical 0 to logical package 0
[    3.351531] smpboot: Max logical packages: 1
[    3.402587] ..TIMER: vector=0x30 apic1=0 pin1=2 apic2=-1 pin2=-1
[    3.523303] smpboot: CPU0: Intel(R) Core(TM) i7-8565U CPU @ 1.80GHz (family: 0x6, model: 0x8e, stepping: 0xc)
[    3.544292] Performance Events: unsupported p6 CPU model 142 no PMU driver, software events only.
[    3.746819] KVM setup paravirtual spinlock
[    3.760408] x86: Booting SMP configuration:
[    3.767535] .... node  #0, CPUs:      #1
[    3.778465] kvm-clock: cpu 1, msr 0:7ffe3041, secondary cpu clock
[    3.788293] mce: CPU supports 0 MCE banks
[    3.796619] TSC synchronization [CPU#0 -> CPU#1]:
[    3.804263] Measured 80417 cycles TSC warp between CPUs, turning off TSC clock.
[    3.813425] tsc: Marking TSC unstable due to check_tsc_sync_source failed
[    0.814192] x86: Booted up 1 node, 2 CPUs
[    0.816007] smpboot: Total of 2 processors activated (7968.02 BogoMIPS)
[    0.832600] devtmpfs: initialized
[    0.840533] evm: security.selinux
[    0.844005] evm: security.SMACK64
[    0.848006] evm: security.SMACK64EXEC
[    0.852005] evm: security.SMACK64TRANSMUTE
[    0.856005] evm: security.SMACK64MMAP
[    0.860002] evm: security.ima
[    0.864005] evm: security.capability
[    0.868438] clocksource: jiffies: mask: 0xffffffff max_cycles: 0xffffffff, max_idle_ns: 7645041785100000 ns
[    0.872024] futex hash table entries: 512 (order: 3, 32768 bytes)
[    0.876911] pinctrl core: initialized pinctrl subsystem
[    0.880411] RTC time:  8:31:32, date: 10/06/21
[    0.888536] NET: Registered protocol family 16
[    0.904038] cpuidle: using governor ladder
[    0.920049] cpuidle: using governor menu
[    0.924028] PCCT header not found.
[    0.928161] ACPI: bus type PCI registered
[    0.932011] acpiphp: ACPI Hot Plug PCI Controller Driver version: 0.5
[    0.936967] PCI: Using configuration type 1 for base access
[    0.964890] ACPI: Added _OSI(Module Device)
[    0.968006] ACPI: Added _OSI(Processor Device)
[    0.972007] ACPI: Added _OSI(3.0 _SCP Extensions)
[    0.976003] ACPI: Added _OSI(Processor Aggregator Device)
[    0.985607] ACPI: Executed 1 blocks of module-level executable AML code
[    1.005522] ACPI: Interpreter enabled
[    1.008024] ACPI: (supports S0 S5)
[    1.012009] ACPI: Using IOAPIC for interrupt routing
[    1.016779] PCI: Using host bridge windows from ACPI; if necessary, use "pci=nocrs" and report a bug
[    1.039556] ACPI: PCI Root Bridge [PCI0] (domain 0000 [bus 00-ff])
[    1.040014] acpi PNP0A03:00: _OSC: OS supports [ASPM ClockPM Segments MSI]
[    1.045476] acpi PNP0A03:00: _OSC: not requesting OS control; OS requires [ExtendedConfig ASPM ClockPM MSI]
[    1.048024] acpi PNP0A03:00: fail to add MMCONFIG information, can't access extended PCI configuration space under this bridge.
[    1.053569] PCI host bridge to bus 0000:00
[    1.056009] pci_bus 0000:00: root bus resource [io  0x0000-0x0cf7 window]
[    1.064012] pci_bus 0000:00: root bus resource [io  0x0d00-0xffff window]
[    1.068005] pci_bus 0000:00: root bus resource [mem 0x000a0000-0x000bffff window]
[    1.072007] pci_bus 0000:00: root bus resource [mem 0x80000000-0xfdffffff window]
[    1.076005] pci_bus 0000:00: root bus resource [bus 00-ff]
[    1.094060] pci 0000:00:01.1: legacy IDE quirk: reg 0x10: [io  0x01f0-0x01f7]
[    1.116012] pci 0000:00:01.1: legacy IDE quirk: reg 0x14: [io  0x03f6]
[    1.140010] pci 0000:00:01.1: legacy IDE quirk: reg 0x18: [io  0x0170-0x0177]
[    1.160010] pci 0000:00:01.1: legacy IDE quirk: reg 0x1c: [io  0x0376]
[    1.257201] pci 0000:00:07.0: quirk: [io  0x4000-0x403f] claimed by PIIX4 ACPI
[    1.288087] pci 0000:00:07.0: quirk: [io  0x4100-0x410f] claimed by PIIX4 SMB
[    1.360968] ACPI: PCI Interrupt Link [LNKA] (IRQs 5 9 10 *11)
[    1.408438] ACPI: PCI Interrupt Link [LNKB] (IRQs 5 9 *10 11)
[    1.516575] ACPI: PCI Interrupt Link [LNKC] (IRQs 5 *9 10 11)
[    1.556413] ACPI: PCI Interrupt Link [LNKD] (IRQs 5 9 10 *11)
[    1.600547] ACPI: Enabled 2 GPEs in block 00 to 07
[    1.620679] vgaarb: setting as boot device: PCI:0000:00:02.0
[    1.624000] vgaarb: device added: PCI:0000:00:02.0,decodes=io+mem,owns=io+mem,locks=none
[    1.676012] vgaarb: loaded
[    1.688007] vgaarb: bridge control possible 0000:00:02.0
[    1.712191] SCSI subsystem initialized
[    1.728237] ACPI: bus type USB registered
[    1.744295] usbcore: registered new interface driver usbfs
[    1.760081] usbcore: registered new interface driver hub
[    1.772036] usbcore: registered new device driver usb
[    1.784477] PCI: Using ACPI for IRQ routing
[    1.796005] NetLabel: Initializing
[    1.804007] NetLabel:  domain hash size = 128
[    1.812005] NetLabel:  protocols = UNLABELED CIPSOv4
[    1.824054] NetLabel:  unlabeled traffic allowed by default
[    1.832126] amd_nb: Cannot enumerate AMD northbridges
[    1.844313] clocksource: Switched to clocksource kvm-clock
[    1.936341] AppArmor: AppArmor Filesystem Enabled
[    1.945311] pnp: PnP ACPI init
[    1.954220] pnp: PnP ACPI: found 3 devices
[    1.974670] clocksource: acpi_pm: mask: 0xffffff max_cycles: 0xffffff, max_idle_ns: 2085701024 ns
[    1.990224] NET: Registered protocol family 2
[    1.999085] TCP established hash table entries: 16384 (order: 5, 131072 bytes)
[    2.010686] TCP bind hash table entries: 16384 (order: 6, 262144 bytes)
[    2.014579] TCP: Hash tables configured (established 16384 bind 16384)
[    2.014579] UDP hash table entries: 1024 (order: 3, 32768 bytes)
[    2.014579] UDP-Lite hash table entries: 1024 (order: 3, 32768 bytes)
[    2.014579] NET: Registered protocol family 1
[    2.014579] pci 0000:00:00.0: Limiting direct PCI/PCI transfers
[    2.014579] pci 0000:00:01.0: Activating ISA DMA hang workarounds
[    2.014579] Unpacking initramfs...
[    2.832066] Freeing initrd memory: 14888K
[    2.832066] clocksource: tsc: mask: 0xffffffffffffffff max_cycles: 0x396d5dac02a, max_idle_ns: 881590811122 ns
[    2.832066] platform rtc_cmos: registered platform RTC device (no PNP device found)
[    2.832066] Scanning for low memory corruption every 60 seconds
[    3.041956] audit: initializing netlink subsys (disabled)
[    3.052624] audit: type=2000 audit(1633509101.021:1): initialized
[    3.062977] Initialise system trusted keyring
[    3.071919] HugeTLB registered 2 MB page size, pre-allocated 0 pages
[    3.087089] zbud: loaded
[    3.094317] VFS: Disk quotas dquot_6.6.0
[    3.102182] VFS: Dquot-cache hash table entries: 512 (order 0, 4096 bytes)
[    3.113660] squashfs: version 4.0 (2009/01/31) Phillip Lougher
[    3.123959] fuse init (API version 7.23)
[    3.131255] Key type big_key registered
[    3.138530] Allocating IMA MOK and blacklist keyrings.
[    3.168435] Key type asymmetric registered
[    3.177554] Asymmetric key parser 'x509' registered
[    3.183887] Block layer SCSI generic (bsg) driver version 0.4 loaded (major 249)
[    3.195856] io scheduler noop registered
[    3.203349] io scheduler deadline registered (default)
[    3.211803] io scheduler cfq registered
[    3.218897] pci_hotplug: PCI Hot Plug PCI Core version: 0.5
[    3.227061] pciehp: PCI Express Hot Plug Controller Driver version: 0.4
[    3.237847] ACPI: AC Adapter [AC] (off-line)
[    3.245247] input: Power Button as /devices/LNXSYSTM:00/LNXPWRBN:00/input/input0
[    3.255895] ACPI: Power Button [PWRF]
[    3.262885] input: Sleep Button as /devices/LNXSYSTM:00/LNXSLPBN:00/input/input1
[    3.274713] ACPI: Sleep Button [SLPF]
[    3.279332] GHES: HEST is not enabled!
[    3.281829] ACPI: Battery Slot [BAT0] (battery present)
[    3.292643] Serial: 8250/16550 driver, 32 ports, IRQ sharing enabled
[    3.330656] 00:02: ttyS0 at I/O 0x3f8 (irq = 4, base_baud = 115200) is a 16550A
[    3.373207] Linux agpgart interface v0.103
[    3.396222] loop: module loaded
[    3.406481] scsi host0: ata_piix
[    3.415922] scsi host1: ata_piix
[    3.421104] ata1: PATA max UDMA/33 cmd 0x1f0 ctl 0x3f6 bmdma 0xd000 irq 14
[    3.424994] ata2: PATA max UDMA/33 cmd 0x170 ctl 0x376 bmdma 0xd008 irq 15
[    3.444852] libphy: Fixed MDIO Bus: probed
[    3.452805] tun: Universal TUN/TAP device driver, 1.6
[    3.459788] tun: (C) 1999-2004 Max Krasnyansky <maxk@qualcomm.com>
[    3.470991] PPP generic driver version 2.4.2
[    3.479426] ehci_hcd: USB 2.0 'Enhanced' Host Controller (EHCI) Driver
[    3.490710] ehci-pci: EHCI PCI platform driver
[    3.498578] ehci-platform: EHCI generic platform driver
[    3.506228] ohci_hcd: USB 1.1 'Open' Host Controller (OHCI) Driver
[    3.515624] ohci-pci: OHCI PCI platform driver
[    3.523109] ohci-platform: OHCI generic platform driver
[    3.531307] uhci_hcd: USB Universal Host Controller Interface driver
[    3.541919] i8042: PNP: PS/2 Controller [PNP0303:PS2K,PNP0f03:PS2M] at 0x60,0x64 irq 1,12
[    3.560069] serio: i8042 KBD port at 0x60,0x64 irq 1
[    3.560237] serio: i8042 AUX port at 0x60,0x64 irq 12
[    3.577426] mousedev: PS/2 mouse device common for all mice
[    3.593258] rtc_cmos rtc_cmos: rtc core: registered rtc_cmos as rtc0
[    3.608416] rtc_cmos rtc_cmos: alarms up to one day, 114 bytes nvram
[    3.619901] i2c /dev entries driver
[    3.627567] device-mapper: uevent: version 1.0.3
[    3.647073] device-mapper: ioctl: 4.34.0-ioctl (2015-10-28) initialised: dm-devel@redhat.com
[    3.663018] ledtrig-cpu: registered to indicate activity on CPUs
[    3.674192] NET: Registered protocol family 10
[    3.695941] NET: Registered protocol family 17
[    3.703898] Key type dns_resolver registered
[    3.716366] input: AT Translated Set 2 keyboard as /devices/platform/i8042/serio0/input/input2
[    3.731187] registered taskstats version 1
[    3.740662] Loading compiled-in X.509 certificates
[    3.749301] Loaded X.509 cert 'Build time autogenerated kernel key: cf00e047681d67edb2720680708b7d9498083038'
[    3.762392] zswap: loaded using pool lzo/zbud
[    3.779263] Key type trusted registered
[    3.802847] Key type encrypted registered
[    3.812020] AppArmor: AppArmor sha1 policy hashing enabled
[    3.819014] ima: No TPM chip found, activating TPM-bypass!
[    3.826584] ima: Allocated hash algorithm: sha1
[    3.838125] evm: HMAC attrs: 0x1
[    3.848838]   Magic number: 9:798:522
[    3.859362] rtc_cmos rtc_cmos: setting system clock to 2021-10-06 08:31:36 UTC (1633509096)
[    3.875302] BIOS EDD facility v0.16 2004-Jun-25, 0 devices found
[    3.884676] EDD information not available.
[    3.896433] Freeing unused kernel memory: 1492K
[    3.926801] Write protecting the kernel read-only data: 14336k
[    3.948223] Freeing unused kernel memory: 1584K
[    3.962804] Freeing unused kernel memory: 52K
Loading, please wait...
starting version 229
[    4.032894] random: udevadm: uninitialized urandom read (16 bytes read, 6 bits of entropy available)
[    4.033119] random: systemd-udevd: uninitialized urandom read (16 bytes read, 6 bits of entropy available)
[    4.033280] random: systemd-udevd: uninitialized urandom read (16 bytes read, 6 bits of entropy available)
[    4.033306] random: systemd-udevd: uninitialized urandom read (16 bytes read, 6 bits of entropy available)
[    4.033337] random: systemd-udevd: uninitialized urandom read (16 bytes read, 6 bits of entropy available)
[    4.100320] random: udevadm: uninitialized urandom read (16 bytes read, 6 bits of entropy available)
[    4.129919] random: systemd-udevd: uninitialized urandom read (16 bytes read, 6 bits of entropy available)
[    4.136831] random: udevadm: uninitialized urandom read (16 bytes read, 6 bits of entropy available)
[    4.136911] random: udevadm: uninitialized urandom read (16 bytes read, 6 bits of entropy available)
[    4.137259] random: udevadm: uninitialized urandom read (16 bytes read, 6 bits of entropy available)
[    4.354020] Fusion MPT base driver 3.04.20
[    4.362745] Copyright (c) 1999-2008 LSI Corporation
[    4.373920] e1000: Intel(R) PRO/1000 Network Driver - version 7.3.21-k8-NAPI
[    4.376207] e1000: Copyright (c) 1999-2006 Intel Corporation.
[    4.459153] Fusion MPT SPI Host driver 3.04.20
[    4.697818] input: ImExPS/2 Generic Explorer Mouse as /devices/platform/i8042/serio1/input/input4
[    5.814756] e1000 0000:00:03.0 eth0: (PCI:33MHz:32-bit) 02:a0:46:b5:71:eb
[    5.831765] e1000 0000:00:03.0 eth0: Intel(R) PRO/1000 Network Connection
[    5.849920] mptbase: ioc0: Initiating bringup
[    6.788431] ioc0: LSI53C1030 A0: Capabilities={Initiator}
[    7.745657] scsi host2: ioc0: LSI53C1030 A0, FwRev=00000000h, Ports=1, MaxQ=256, IRQ=20
[    8.875382] scsi 2:0:0:0: Direct-Access     VBOX     HARDDISK         1.0  PQ: 0 ANSI: 5
[    8.917148] scsi target2:0:0: Beginning Domain Validation
[    8.948401] scsi target2:0:0: Domain Validation skipping write tests
[    8.966247] scsi target2:0:0: Ending Domain Validation
[    8.977604] scsi target2:0:0: asynchronous
[    8.994833] scsi 2:0:1:0: Direct-Access     VBOX     HARDDISK         1.0  PQ: 0 ANSI: 5
[    9.013038] scsi target2:0:1: Beginning Domain Validation
[    9.041918] scsi target2:0:1: Domain Validation skipping write tests
[    9.055310] scsi target2:0:1: Ending Domain Validation
[    9.073844] scsi target2:0:1: asynchronous
[    9.119637] sd 2:0:0:0: Attached scsi generic sg0 type 0
[    9.132796] sd 2:0:0:0: [sda] 83886080 512-byte logical blocks: (42.9 GB/40.0 GiB)
[    9.153954] sd 2:0:1:0: [sdb] 20480 512-byte logical blocks: (10.5 MB/10.0 MiB)
[    9.165896] sd 2:0:1:0: Attached scsi generic sg1 type 0
[    9.180953] sd 2:0:0:0: [sda] Write Protect is off
[    9.205565] sd 2:0:1:0: [sdb] Write Protect is off
[    9.220757] sd 2:0:0:0: [sda] Incomplete mode parameter data
[    9.231749] sd 2:0:0:0: [sda] Assuming drive cache: write through
[    9.245107] sd 2:0:1:0: [sdb] Incomplete mode parameter data
[    9.257045] sd 2:0:1:0: [sdb] Assuming drive cache: write through
[    9.306383]  sda: sda1
[    9.321022] sd 2:0:0:0: [sda] Attached SCSI disk
[    9.333158] sd 2:0:1:0: [sdb] Attached SCSI disk
[   10.541501] e1000 0000:00:08.0 eth1: (PCI:33MHz:32-bit) 08:00:27:e2:4b:5a
[   10.555098] e1000 0000:00:08.0 eth1: Intel(R) PRO/1000 Network Connection
[   10.571485] e1000 0000:00:03.0 enp0s3: renamed from eth0
[   10.592946] e1000 0000:00:08.0 enp0s8: renamed from eth1
Begin: Loading essential drivers ... [   13.109175] md: linear personality registered for level -1
[   13.127109] md: multipath personality registered for level -4
[   13.145966] md: raid0 personality registered for level 0
[   13.187891] md: raid1 personality registered for level 1
[   13.280904] raid6: sse2x1   gen()  3883 MB/s
[   13.356875] raid6: sse2x1   xor()  2752 MB/s
[   13.432789] raid6: sse2x2   gen()  5706 MB/s
[   13.504321] raid6: sse2x2   xor()  3753 MB/s
[   13.576586] raid6: sse2x4   gen()  6132 MB/s
[   13.648854] raid6: sse2x4   xor()  3973 MB/s
[   13.655606] raid6: using algorithm sse2x4 gen() 6132 MB/s
[   13.663042] raid6: .... xor() 3973 MB/s, rmw enabled
[   13.671863] raid6: using ssse3x2 recovery algorithm
[   13.686470] xor: measuring software checksum speed
[   13.732452]    prefetch64-sse:  8637.000 MB/sec
[   13.780453]    generic_sse:  8864.000 MB/sec
[   13.791107] xor: using function: generic_sse (8864.000 MB/sec)
[   13.808546] async_tx: api initialized (async)
[   13.897049] md: raid6 personality registered for level 6
[   13.907814] md: raid5 personality registered for level 5
[   13.915771] md: raid4 personality registered for level 4
[   13.969683] md: raid10 personality registered for level 10
done.
Begin: Running /scripts/init-premount ... done.
Begin: Mounting root file system ... Begin: Running /scripts/local-top ... done.
Begin: Running /scripts/local-premount ... [   14.141675] Btrfs loaded
Scanning for Btrfs filesystems
done.
Warning: fsck not present, so skipping root file system
[   14.327487] EXT4-fs (sda1): mounted filesystem with ordered data mode. Opts: (null)
done.
Begin: Running /scripts/local-bottom ... done.
Begin: Running /scripts/init-bottom ... done.
[   14.716931] systemd[1]: systemd 229 running in system mode. (+PAM +AUDIT +SELINUX +IMA +APPARMOR +SMACK +SYSVINIT +UTMP +LIBCRYPTSETUP +GCRYPT +GNUTLS +ACL +XZ -LZ4 +SECCOMP +BLKID +ELFUTILS +KMOD -IDN)
[   14.745385] systemd[1]: Detected virtualization oracle.
[   14.749222] systemd[1]: Detected architecture x86-64.

Welcome to [1mUbuntu 16.04.7 LTS[0m!

[   14.791565] systemd[1]: Set hostname to <ubuntu>.
[   14.811892] systemd[1]: Initializing machine ID from random generator.
[   14.822846] systemd[1]: Installed transient /etc/machine-id file.
[   15.326360] systemd[1]: Listening on Journal Audit Socket.
[[0;32m  OK  [0m] Listening on Journal Audit Socket.
[   15.342314] systemd[1]: Created slice User and Session Slice.
[[0;32m  OK  [0m] Created slice User and Session Slice.
[   15.360559] systemd[1]: Listening on Device-mapper event daemon FIFOs.
[[0;32m  OK  [0m] Listening on Device-mapper event daemon FIFOs.
[   15.378750] systemd[1]: Reached target User and Group Name Lookups.
[[0;32m  OK  [0m] Reached target User and Group Name Lookups.
[   15.396017] systemd[1]: Created slice System Slice.
[[0;32m  OK  [0m] Created slice System Slice.
[   15.411526] systemd[1]: Reached target Slices.
[[0;32m  OK  [0m] Reached target Slices.
[   15.423674] systemd[1]: Created slice system-serial\x2dgetty.slice.
[[0;32m  OK  [0m] Created slice system-serial\x2dgetty.slice.
[   15.438116] systemd[1]: Listening on LVM2 metadata daemon socket.
[[0;32m  OK  [0m] Listening on LVM2 metadata daemon socket.
[   15.454094] systemd[1]: Reached target Encrypted Volumes.
[[0;32m  OK  [0m] Reached target Encrypted Volumes.
[   15.469055] systemd[1]: Set up automount Arbitrary Executable File Formats File System Automount Point.
[[0;32m  OK  [0m] Set up automount Arbitrary Executab...ats File System Automount Point.
[   15.495879] systemd[1]: Reached target System Time Synchronized.
[[0;32m  OK  [0m] Reached target System Time Synchronized.
[   15.514102] systemd[1]: Listening on udev Kernel Socket.
[[0;32m  OK  [0m] Listening on udev Kernel Socket.
[   15.530954] systemd[1]: Reached target Swap.
[[0;32m  OK  [0m] Reached target Swap.
[   15.542321] systemd[1]: Listening on LVM2 poll daemon socket.
[[0;32m  OK  [0m] Listening on LVM2 poll daemon socket.
[   15.558033] systemd[1]: Listening on udev Control Socket.
[[0;32m  OK  [0m] Listening on udev Control Socket.
[   15.574064] systemd[1]: Listening on Journal Socket (/dev/log).
[[0;32m  OK  [0m] Listening on Journal Socket (/dev/log).
[   15.590589] systemd[1]: Listening on Syslog Socket.
[[0;32m  OK  [0m] Listening on Syslog Socket.
[   15.610274] systemd[1]: Listening on Journal Socket.
[[0;32m  OK  [0m] Listening on Journal Socket.
[   15.637076] systemd[1]: Starting Set console keymap...
         Starting Set console keymap...
[   15.666617] systemd[1]: Starting Monitoring of LVM2 mirrors, snapshots etc. using dmeventd or progress polling...
         Starting Monitoring of LVM2 mirrors... dmeventd or progress polling...
[   15.789499] systemd[1]: Starting Create list of required static device nodes for the current kernel...
[   15.808830] random: nonblocking pool is initialized
         Starting Create list of required st... nodes for the current kernel...
[   15.848943] systemd[1]: Mounting POSIX Message Queue File System...
         Mounting POSIX Message Queue File System...
[   15.879348] systemd[1]: Starting Journal Service...
         Starting Journal Service...
[   15.914662] systemd[1]: Starting Uncomplicated firewall...
         Starting Uncomplicated firewall...
[   15.980910] systemd[1]: Starting Load Kernel Modules...
         Starting Load Kernel Modules...
[   16.016139] systemd[1]: Mounting Debug File System...
[   16.033223] Loading iSCSI transport class v2.0-870.
         Mounting Debug File System...
[   16.062083] systemd[1]: Starting Nameserver information manager...
         Starting Nameserver information manager...[   16.091109] iscsi: registered transport (tcp)

[   16.099504] systemd[1]: Mounting Huge Pages File System...
         Mounting Huge Pages File System...
[   16.130124] systemd[1]: Started Forward Password Requests to Wall Directory Watch.
[[0;32m  OK  [0m] Started Forward Password Requests to Wall Directory Watch.
[   16.169478] systemd[1]: Listening on fsck to fsckd communication Socket.
[[0;32m  OK  [0m] Listening on fsck to fsckd communication Socket.
[   16.220953] systemd[1]: Starting File System Check on Root Device...
         Starting File System Check on Root Device...
[   16.276654] systemd[1]: Started Trigger resolvconf update for networkd DNS.
[[0;32m  OK  [0m] Started Trigger resolvconf update for networkd DNS.
[   16.310741] systemd[1]: Listening on /dev/initctl Compatibility Named Pipe.
[[0;32m  OK  [0m] Listening on /dev/initctl Compatibility Named Pipe.
[   16.371146] systemd[1]: Mounted POSIX Message Queue File System.
[   16.385502] iscsi: registered transport (iser)
[[0;32m  OK  [0m] Mounted POSIX Message Queue File System.
[   16.420858] systemd[1]: Mounted Huge Pages File System.
[[0;32m  OK  [0m] Mounted Huge Pages File System.
[   16.445409] systemd[1]: Mounted Debug File System.
[[0;32m  OK  [0m] Mounted Debug File System.
[   16.467907] systemd[1]: Started Journal Service.
[[0;32m  OK  [0m] Started Journal Service.
[[0;32m  OK  [0m] Started Set console keymap.
[[0;32m  OK  [0m] Started Create list of required sta...ce nodes for the current kernel.
[[0;32m  OK  [0m] Started Uncomplicated firewall.
[[0;32m  OK  [0m] Started Load Kernel Modules.
[[0;32m  OK  [0m] Started File System Check on Root Device.
[[0;32m  OK  [0m] Started Nameserver information manager.
[[0;32m  OK  [0m] Started LVM2 metadata daemon.
[[0;32m  OK  [0m] Started File System Check Daemon to report status.
         Starting Remount Root and Kernel File Systems...
         [   16.766483] EXT4-fs (sda1): re-mounted. Opts: (null)
Mounting FUSE Control File System...
         Starting Apply Kernel Variables...
         Starting Create Static Device Nodes in /dev...
[[0;32m  OK  [0m] Mounted FUSE Control File System.
[[0;32m  OK  [0m] Started Monitoring of LVM2 mirrors,...ng dmeventd or progress polling.
[[0;32m  OK  [0m] Started Remount Root and Kernel File Systems.
[[0;32m  OK  [0m] Started Apply Kernel Variables.
[[0;32m  OK  [0m] Started Create Static Device Nodes in /dev.
         Starting udev Kernel Device Manager...
         Starting Flush Journal to Persistent Storage...
         Starting Load/Save Random Seed...
         Starting udev Coldplug all Devices...
[[0;32m  OK  [0m] Reached target Local File Systems (Pre).
[[0;32m  OK  [0m] Reached target Local File Systems.
         Starting Set console font and keymap...
         Starting Initial cloud-init job (pre-networking)...
         Starting LSB: AppArmor initialization...
         Starting Commit a transient machine-id on disk...
         Starting Tell Plymouth To Write Out Runtime Data...
[[0;32m  OK  [0m] Started udev Kernel Device Manager.
[[0;32m  OK  [0m] Started Load/Save Random Seed.
[[0;32m  OK  [0m] Started Commit a transient machine-id on disk.
[[0;32m  OK  [0m] Started Tell Plymouth To Write Out Runtime Data.
[[0;32m  OK  [0m] Started Flush Journal to Persistent Storage.
[[0;32m  OK  [0m] Started udev Coldplug all Devices.
[[0;32m  OK  [0m] Found device /dev/ttyS0.
[[0;32m  OK  [0m] Listening on Load/Save RF Kill Switch Status /dev/rfkill Watch.
[[0;32m  OK  [0m] Started Dispatch Password Requests to Console Directory Watch.
[   23.216821] cloud-init[466]: Cloud-init v. 21.1-19-gbad84ad4-0ubuntu1~16.04.2 running 'init-local' at Wed, 06 Oct 2021 08:31:54 +0000. Up 21.95 seconds.
         Starting Create Volatile Files and Directories...
[[0;32m  OK  [0m] Started LSB: AppArmor initialization.
[[0;32m  OK  [0m] Started Create Volatile Files and Directories.
[[0;32m  OK  [0m] Started Initial cloud-init job (pre-networking).
[[0;32m  OK  [0m] Reached target Network (Pre).
         Starting Update UTMP about System Boot/Shutdown...
         Starting Raise network interfaces...
         Starting Load AppArmor profiles managed internally by snapd...
[[0;32m  OK  [0m] Started Update UTMP about System Boot/Shutdown.
[[0;32m  OK  [0m] Started Load AppArmor profiles managed internally by snapd.
[[0;32m  OK  [0m] Started Set console font and keymap.
[[0;32m  OK  [0m] Created slice system-getty.slice.
[[0;32m  OK  [0m] Started Raise network interfaces.
[[0;32m  OK  [0m] Reached target Network.
         Starting Initial cloud-init job (metadata service crawler)...
[   27.988334] cloud-init[947]: Cloud-init v. 21.1-19-gbad84ad4-0ubuntu1~16.04.2 running 'init' at Wed, 06 Oct 2021 08:31:59 +0000. Up 26.55 seconds.
[   28.002948] cloud-init[947]: ci-info: ++++++++++++++++++++++++++++++++++++++Net device info+++++++++++++++++++++++++++++++++++++++
[   28.018651] cloud-init[947]: ci-info: +--------+-------+----------------------------+---------------+--------+-------------------+
[   28.031894] cloud-init[947]: ci-info: | Device |   Up  |          Address           |      Mask     | Scope  |     Hw-Address    |
[   28.046550] cloud-init[947]: ci-info: +--------+-------+----------------------------+---------------+--------+-------------------+
[   28.060108] cloud-init[947]: ci-info: | enp0s3 |  True |         10.0.2.15          | 255.255.255.0 | global | 02:a0:46:b5:71:eb |
[   28.078051] cloud-init[947]: ci-info: | enp0s3 |  True | fe80::a0:46ff:feb5:71eb/64 |       .       |  link  | 02:a0:46:b5:71:eb |
[   28.092227] cloud-init[947]: ci-info: | enp0s8 | False |             .              |       .       |   .    | 08:00:27:e2:4b:5a |
[   28.106741] cloud-init[947]: ci-info: |   lo   |  True |         127.0.0.1          |   255.0.0.0   |  host  |         .         |
[   28.120454] cloud-init[947]: ci-info: |   lo   |  True |          ::1/128           |       .       |  host  |         .         |
[   28.135000] cloud-init[947]: ci-info: +--------+-------+----------------------------+---------------+--------+-------------------+
[   28.150492] cloud-init[947]: ci-info: +++++++++++++++++++++++++++Route IPv4 info++++++++++++++++++++++++++++
[   28.164379] cloud-init[947]: ci-info: +-------+-------------+----------+---------------+-----------+-------+
[   28.178636] cloud-init[947]: ci-info: | Route | Destination | Gateway  |    Genmask    | Interface | Flags |
[   28.191313] cloud-init[947]: ci-info: +-------+-------------+----------+---------------+-----------+-------+
[   28.205899] cloud-init[947]: ci-info: |   0   |   0.0.0.0   | 10.0.2.2 |    0.0.0.0    |   enp0s3  |   UG  |
[[0;32m  OK  [0m] Started Initial cloud-init job (metadata service crawler).
[[0;32m  OK  [0m] Reached target Cloud-config availability.
[[0;32m  OK  [0m] Reached target Network is Online.
[   28.226339] cloud-init[947]: ci-info: |   1   |   10.0.2.0  | 0.0.0.0  | 255.255.255.0 |   enp0s3  |   U   |
         Starting iSCSI initiator daemon (iscsid)...
[[0;32m  OK  [0m] Reached target System Initialization.
         Starting Socket activation for snappy daemon.
[[0;32m  OK  [0m] Listening on ACPID Listen Socket.
[[0;32m  OK  [0m] Started Daily Cleanup of Temporary Directories.
[[0;32m  OK  [0m] Listening on UUID daemon activation socket.
[[0;32m  OK  [0m] Started Daily apt download activities.
[[0;32m  OK  [0m] Started Daily apt upgrade and clean activities.
[   28.250968] cloud-init[947]: ci-info: +-------+-------------+----------+---------------+-----------+-------+
         Starting LXD - unix socket.
[   28.291668] cloud-init[947]: ci-info: +++++++++++++++++++Route IPv6 info+++++++++++++++++++
[[0;32m  OK  [0m] Listening on D-Bus System Message Bus Socket.
[   28.311376] [[0;32m  OK  [0m] Started Ubuntu Advantage update messaging.
cloud-init[[0;32m  OK  [0m] Started ACPI Events Check.
[[0;32m  OK  [0m] Reached target Paths.
[[0;32m  OK  [0m] Started Message of the Day.
[[0;32m  OK  [0m] Reached target Timers.
[[0;32m  OK  [0m] Listening on Socket activation for snappy daemon.
[[0;32m  OK  [0m] Listening on LXD - unix socket.
[[0;32m  OK  [0m] Reached target Sockets.
[[0;32m  OK  [0m] Reached target Basic System.
[947]: ci-info: +-------+-------------+---------+-----------+-------+
         Starting Accounts Service...
         Starting /etc/rc.local Compatibility...
[   28.350501] [[0;32m  OK  [0m] Started ACPI event daemon.
         Starting Login Service...
[[0;32m  OK  [0m] Started D-Bus System Message Bus.
cloud-init[947]: ci-info: | Route | Destination | Gateway | Interface | Flags |
[   28.419118] cloud-init[947]: ci-info: +-------+-------------+---------+-----------+-------+
[   28.437402] cloud-init[947]: ci-info: |   0   |  fe80::/64  |    ::   |   enp0s3  |   U   |
[   28.465474] cloud-init[947]: ci-info: |   3   |   ff00::/8  |    ::   |   enp0s3  |   U   |
[   28.494914] cloud-init[947]: ci-info: +-------+-------------+---------+-----------+-------+
[   28.510211] cloud-init[947]: Generating public/private rsa key pair.
[   28.518374] cloud-init[947]: Your identification has been saved in /etc/ssh/ssh_host_rsa_key.
[   28.527083] cloud-init[947]: Your public key has been saved in /etc/ssh/ssh_host_rsa_key.pub.
[   28.537489] cloud-init[947]: The key fingerprint is:
[   28.546270] cloud-init[947]: SHA256:lrqMMPLQuZ1lM/q3M8Uwzn59dW9iSZuRzFd1DGQW/6w root@ubuntu-xenial
[   28.558989] cloud-init[947]: The key's randomart image is:
[   28.569289] cloud-init[947]: +---[RSA 2048]----+
[   28.578381] cloud-init[947]: |             .*+ |
[   28.592954] cloud-init[947]: |             o .+|
[   28.611732] cloud-init[947]: |                +|
[   28.629141] cloud-init[947]: |        o.     .o|
[   28.644794] [[0;32m  OK  [0m] Started Regular background program processing daemon.
         Starting System Logging Service...
         Starting LSB: MD monitoring daemon...
cloud-init[947]: |       oS+   o .+|
         Starting Pollinate to seed the pseudo random number generator...
         Starting LSB: Record successful boot for GRUB...
[   28.673409] cloud-init[947]: | . .   oo o   *.+|
         [   28.721030] Starting LXD - container startup/shutdown...
cloud-init[947]: |o =   *. . . .EBo|
[   28.766852] cloud-init[947]: | + = B += . . B o|         Starting Virtualbox guest utils...

[   28.808398] [[0;32m  OK  [0m] Started Deferred execution scheduler.
[[0;32m  OK  [0m] Started FUSE filesystem for LXC.
cloud-init         Starting Snap Daemon...
[[0;32m  OK  [0m] Started System Logging Service.
[[0;32m  OK  [0m] Started /etc/rc.local Compatibility.
[947]: |  o =.+..=   o o |
[[0;32m  OK  [0m] Started Login Service.
[[0;32m  OK  [0m] Started iSCSI initiator daemon (iscsid).
[   28.982655] cloud-init[947]: +----[SHA256]-----+
         Starting Login to default iSCSI targets...
[[0;32m  OK  [0m] Started Unattended Upgrades Shutdown.
         Starting Authenticate and Authorize Users to Run Privileged Tasks...
[[0;32m  OK  [0m] Started LSB: Record successful boot for GRUB.
[[0;32m  OK  [0m] Started LSB: MD monitoring daemon.
[   29.084905] cloud-init[947]: Generating public/private dsa key pair.
[   29.123506] cloud-init[947]: Your identification has been saved in /etc/ssh/ssh_host_dsa_key.
[   29.175616] [[0;32m  OK  [0m] Started Authenticate and Authorize Users to Run Privileged Tasks.
cloud-init[947]: Your public key has been saved in /etc/ssh/ssh_host_dsa_key.pub.
[[0;32m  OK  [0m] Started Accounts Service.
[   29.294925] cloud-init[947]: The key fingerprint is:
[   29.342319] cloud-init[947]: SHA256:QNOmt/hPAB9tAb1ogrJKgKRNpTB8vPSpVc7uXmfjVsU root@ubuntu-xenial
[[0;32m  OK  [0m] Started Login to default iSCSI targets.
[[0;32m  OK  [0m] Reached target Remote File Systems (Pre).
[[0;32m  OK  [0m] Reached target Remote File Systems.
[   29.455379] cloud-init         Starting LSB: daemon to balance interrupts for SMP systems...
         Starting LSB: Set the CPU Frequency Scaling governor to "ondemand"...
         Starting LSB: automatic crash report generation...
         Starting Permit User Sessions...
[[0;32m  OK  [0m] Started Permit User Sessions.
         Starting Terminate Plymouth Boot Screen...
         Starting Hold until boot process finishes up...
[947]: [[0;32m  OK  [0m] Started Hold until boot process finishes up.
         Starting Set console scheme...
[[0;32m  OK  [0m] Started Getty on tty1.
[[0;32m  OK  [0m] Started Serial Getty on ttyS0.
[[0;32m  OK  [0m] Reached target Login Prompts.
[[0;32m  OK  [0m] Started Terminate Plymouth Boot Screen.
The key's randomart image is:[[0;32m  OK  [0m] Started Set console scheme.

[   29.789016] cloud-init[[0;32m  OK  [0m] Started LXD - container startup/shutdown.
[947]: +---[DSA 1024]----+
[[0;32m  OK  [0m] Started Virtualbox guest utils.
[   29.885103] cloud-init[947]: |+ ... o..o.      |
[   29.977386] cloud-init[947]: [[0;32m  OK  [0m] Started LSB: Set the CPU Frequency Scaling governor to "ondemand".
| =.= . oo...     |[[0;32m  OK  [0m] Started LSB: daemon to balance interrupts for SMP systems.

[   30.074096] cloud-init[947]: |+o+ o.Bo..o.  .  |[[0;32m  OK  [0m] Started LSB: automatic crash report generation.

[   30.222677] cloud-init[947]: |+ o..+o*+o.    E |
[   30.279446] cloud-init[947]: |.  oo .=S.    .  |
[   30.326399] cloud-init[947]: | ...  ....   .   |
[   30.433137] cloud-init[947]: |..    .. ..+.    |
[   30.552870] cloud-init[947]: |.      .o.+..    |
[   30.607883] cloud-init[947]: |      .. .o.     |
[   30.657212] cloud-init[947]: +----[SHA256]-----+
[   30.714648] cloud-init[947]: Generating public/private ecdsa key pair.
[   30.788388] cloud-init[947]: Your identification has been saved in /etc/ssh/ssh_host_ecdsa_key.
[   30.814918] cloud-init[947]: Your public key has been saved in /etc/ssh/ssh_host_ecdsa_key.pub.
[[0;32m  OK  [0m] Started Pollinate to seed the pseudo random number generator.
[   30.858561] cloud-init[947]: The key fingerprint is:
[   30.908715] cloud-init[947]: SHA256:Rv8jnToX/R+TcODvL+EHWX52s8pKgSYpc/ng8TbAvmg root@ubuntu-xenial
[   30.911408] cloud-init[947]: The key's randomart image is:
[   30.914062] cloud-init[947]: +---[ECDSA 256]---+
         Starting OpenBSD Secure Shell server...
[   30.917670] cloud-init[947]: |                 |
[   30.950589] cloud-init[947]: |                 |
[   30.971728] cloud-init[947]: |        .    .   |
[   30.992194] cloud-init[947]: |      ..o.. . . .|
[   31.013162] cloud-init[947]: |     o XSo.. + = |
[   31.042258] cloud-init[947]: |      *.O  oo.O.*|
[   31.060769] cloud-init[947]: |       o =..=o X=|
[   31.081327] cloud-init[947]: |     E. o +oo.+.=|
[   31.119108] cloud-init[947]: |    .. .  .+.o.+=|
[   31.135545] cloud-init[947]: +----[SHA256]-----+
[   31.160827] [[0;32m  OK  [0m] Started OpenBSD Secure Shell server.
cloud-init[947]: Generating public/private ed25519 key pair.
[   31.196671] cloud-init[947]: Your identification has been saved in /etc/ssh/ssh_host_ed25519_key.
[   31.222509] cloud-init[947]: Your public key has been saved in /etc/ssh/ssh_host_ed25519_key.pub.
[   31.241200] cloud-init[947]: The key fingerprint is:
[   31.253228] cloud-init[947]: SHA256:wlpZETG832qx1MYRg3V3zErCTrQrsKKMueDjlxFb770 root@ubuntu-xenial
[   31.267068] cloud-init[947]: The key's randomart image is:
[   31.298281] cloud-init[947]: +--[ED25519 256]--+
[   31.338143] cloud-init[947]: |       .=o =o .oo|
[   31.400493] cloud-init[947]: |        .o. *o..+|
[   31.443992] cloud-init[947]: |        o. o.= . |
[   31.468782] cloud-init[947]: |   . o o.o  o..  |
[   31.517798] cloud-init[947]: |    + B S..+..   |
[   31.550087] cloud-init[[0;32m  OK  [0m] Created slice User Slice of vagrant.
[947]: |   * + +  +.=    |
[   31.580373]          Starting User Manager for UID 1000...
cloud-init[947]: |. o * . .. =     |[[0;32m  OK  [0m] Started Session 1 of user vagrant.

[   31.636499] cloud-init[947]: |.o +   . .+      |
[   31.663727] cloud-init[947]: |.o+      E.      |
[   31.667165] cloud-init[947]: +----[SHA256]-----+
[[0;32m  OK  [0m] Started Snap Daemon.
         Starting Wait until snapd is fully seeded...
[[0;32m  OK  [0m] Started User Manager for UID 1000.
[[0;32m  OK  [0m] Started Wait until snapd is fully seeded.
[[0;32m  OK  [0m] Reached target Multi-User System.
[[0;32m  OK  [0m] Reached target Graphical Interface.
         Starting Update UTMP about System Runlevel Changes...
         Starting Apply the settings specified in cloud-config...
[[0;32m  OK  [0m] Started Update UTMP about System Runlevel Changes.

Ubuntu 16.04.7 LTS ubuntu-xenial ttyS0

ubuntu-xenial login: [   36.847019] cloud-init[1383]: Generating locales (this might take a while)...
[   40.865537] cloud-init[1383]:   en_US.UTF-8... done
[   40.866668] cloud-init[1383]: Generation complete.
[   41.865292] cloud-init[1383]: Cloud-init v. 21.1-19-gbad84ad4-0ubuntu1~16.04.2 running 'modules:config' at Wed, 06 Oct 2021 08:32:08 +0000. Up 36.00 seconds.
ci-info: no authorized SSH keys fingerprints found for user ubuntu.
<14>Oct  6 08:32:15 ec2: 
<14>Oct  6 08:32:15 ec2: #############################################################
<14>Oct  6 08:32:15 ec2: -----BEGIN SSH HOST KEY FINGERPRINTS-----
<14>Oct  6 08:32:15 ec2: 1024 SHA256:QNOmt/hPAB9tAb1ogrJKgKRNpTB8vPSpVc7uXmfjVsU root@ubuntu-xenial (DSA)
<14>Oct  6 08:32:15 ec2: 256 SHA256:Rv8jnToX/R+TcODvL+EHWX52s8pKgSYpc/ng8TbAvmg root@ubuntu-xenial (ECDSA)
<14>Oct  6 08:32:15 ec2: 256 SHA256:wlpZETG832qx1MYRg3V3zErCTrQrsKKMueDjlxFb770 root@ubuntu-xenial (ED25519)
<14>Oct  6 08:32:15 ec2: 2048 SHA256:lrqMMPLQuZ1lM/q3M8Uwzn59dW9iSZuRzFd1DGQW/6w root@ubuntu-xenial (RSA)
<14>Oct  6 08:32:15 ec2: -----END SSH HOST KEY FINGERPRINTS-----
<14>Oct  6 08:32:15 ec2: #############################################################
-----BEGIN SSH HOST KEY KEYS-----
ecdsa-sha2-nistp256 AAAAE2VjZHNhLXNoYTItbmlzdHAyNTYAAAAIbmlzdHAyNTYAAABBBDgwUnx0Wj/W297R+Tr+lQJRvxNZw0T7h1EDeJ211g+t8d/ksUZZpuCygLPxj5x8x8BgFSy1n9VLZ2nvMUOkvQI= root@ubuntu-xenial
ssh-ed25519 AAAAC3NzaC1lZDI1NTE5AAAAICCFeeRB1F+ULcqyr3bMso9vHQjyV9DIynSfyTUX/eiF root@ubuntu-xenial
ssh-rsa AAAAB3NzaC1yc2EAAAADAQABAAABAQC8Bc2/uOYM21oJ4uulcoxZWs9rmah1RDTUKeJK+f6+M+c0/OElzRmV11DLwwgt/xIlJbipJSByC3aYLY53irh/ZL2hbJQczRN+ARhga/tR14tFHgzPzUeZfXbPTh6RTnJDkCvgHyZDj7aJMJS57k5/+kQWYW100i1pTCIfBRKuM9A9JBTNhRyRPnmHadSgbxo4tj12V4jSigd3cym17BO471K9fEWs3EBqe7M5mtiAE/CfbVaEVCsoUL9nBwwYfK1/03oolmm1Per4J3UX2MKokuAJ0f0MfxdFzN4SbP+wZUt5Np4eayuv51HT2LSMxJhHy9F34UeFO0Ovoc6HhCn7 root@ubuntu-xenial
-----END SSH HOST KEY KEYS-----
[   43.064081] cloud-init[1571]: Cloud-init v. 21.1-19-gbad84ad4-0ubuntu1~16.04.2 running 'modules:final' at Wed, 06 Oct 2021 08:32:15 +0000. Up 42.65 seconds.
[   43.087759] cloud-init[1571]: ci-info: no authorized SSH keys fingerprints found for user ubuntu.
[   43.089768] cloud-init[1571]: Cloud-init v. 21.1-19-gbad84ad4-0ubuntu1~16.04.2 finished at Wed, 06 Oct 2021 08:32:15 +0000. Datasource DataSourceNoCloud [seed=/dev/sdb][dsmode=net].  Up 43.01 seconds
